2026-05-09 16:52:38 [[31merror[39m]: Error: Connection timeout
    at TLSSocket.onTimeout (/Users/namanjain/FreshMart/FreshmartBackend/node_modules/@redis/client/dist/lib/client/socket.js:225:46)
    at Object.onceWrapper (node:events:638:28)
    at TLSSocket.emit (node:events:524:28)
    at Socket._onTimeout (node:net:609:8)
    at listOnTimeout (node:internal/timers:594:17)
    at process.processTimers (node:internal/timers:529:7)
2026-05-09 16:52:38 [[31merror[39m]: Error: Connection timeout
    at TLSSocket.onTimeout (/Users/namanjain/FreshMart/FreshmartBackend/node_modules/@redis/client/dist/lib/client/socket.js:225:46)
    at Object.onceWrapper (node:events:638:28)
    at TLSSocket.emit (node:events:524:28)
    at Socket._onTimeout (node:net:609:8)
    at listOnTimeout (node:internal/timers:594:17)
    at process.processTimers (node:internal/timers:529:7)
2026-05-09 16:52:38 [[31merror[39m]: Error: Connection timeout
    at TLSSocket.onTimeout (/Users/namanjain/FreshMart/FreshmartBackend/node_modules/@redis/client/dist/lib/client/socket.js:225:46)
    at Object.onceWrapper (node:events:638:28)
    at TLSSocket.emit (node:events:524:28)
    at Socket._onTimeout (node:net:609:8)
    at listOnTimeout (node:internal/timers:594:17)
    at process.processTimers (node:internal/timers:529:7)
2026-05-09 16:52:43 [[31merror[39m]: Error: Connection timeout
    at TLSSocket.onTimeout (/Users/namanjain/FreshMart/FreshmartBackend/node_modules/@redis/client/dist/lib/client/socket.js:225:46)
    at Object.onceWrapper (node:events:638:28)
    at TLSSocket.emit (node:events:524:28)
    at Socket._onTimeout (node:net:609:8)
    at listOnTimeout (node:internal/timers:594:17)
    at process.processTimers (node:internal/timers:529:7)
2026-05-09 16:52:43 [[31merror[39m]: Error: Connection timeout
    at TLSSocket.onTimeout (/Users/namanjain/FreshMart/FreshmartBackend/node_modules/@redis/client/dist/lib/client/socket.js:225:46)
    at Object.onceWrapper (node:events:638:28)
    at TLSSocket.emit (node:events:524:28)
    at Socket._onTimeout (node:net:609:8)
    at listOnTimeout (node:internal/timers:594:17)
    at process.processTimers (node:internal/timers:529:7)
2026-05-09 16:52:44 [[31merror[39m]: Error: Connection timeout
    at TLSSocket.onTimeout (/Users/namanjain/FreshMart/FreshmartBackend/node_modules/@redis/client/dist/lib/client/socket.js:225:46)
    at Object.onceWrapper (node:events:638:28)
    at TLSSocket.emit (node:events:524:28)
    at Socket._onTimeout (node:net:609:8)
    at listOnTimeout (node:internal/timers:594:17)
    at process.processTimers (node:internal/timers:529:7)
2026-05-09 16:52:48 [[31merror[39m]: Error: Connection timeout
    at TLSSocket.onTimeout (/Users/namanjain/FreshMart/FreshmartBackend/node_modules/@redis/client/dist/lib/client/socket.js:225:46)
    at Object.onceWrapper (node:events:638:28)
    at TLSSocket.emit (node:events:524:28)
    at Socket._onTimeout (node:net:609:8)
    at listOnTimeout (node:internal/timers:594:17)
    at process.processTimers (node:internal/timers:529:7)
2026-05-09 16:52:49 [[31merror[39m]: Error: Connection timeout
    at TLSSocket.onTimeout (/Users/namanjain/FreshMart/FreshmartBackend/node_modules/@redis/client/dist/lib/client/socket.js:225:46)
    at Object.onceWrapper (node:events:638:28)
    at TLSSocket.emit (node:events:524:28)
    at Socket._onTimeout (node:net:609:8)
    at listOnTimeout (node:internal/timers:594:17)
    at process.processTimers (node:internal/timers:529:7)
2026-05-09 16:52:49 [[31merror[39m]: Error: Connection timeout
    at TLSSocket.onTimeout (/Users/namanjain/FreshMart/FreshmartBackend/node_modules/@redis/client/dist/lib/client/socket.js:225:46)
    at Object.onceWrapper (node:events:638:28)
    at TLSSocket.emit (node:events:524:28)
    at Socket._onTimeout (node:net:609:8)
    at listOnTimeout (node:internal/timers:594:17)
    at process.processTimers (node:internal/timers:529:7)
2026-05-09 16:52:54 [[31merror[39m]: Error: Connection timeout
    at TLSSocket.onTimeout (/Users/namanjain/FreshMart/FreshmartBackend/node_modules/@redis/client/dist/lib/client/socket.js:225:46)
    at Object.onceWrapper (node:events:638:28)
    at TLSSocket.emit (node:events:524:28)
    at Socket._onTimeout (node:net:609:8)
    at listOnTimeout (node:internal/timers:594:17)
    at process.processTimers (node:internal/timers:529:7)
2026-05-09 16:52:54 [[31merror[39m]: Error: Connection timeout
    at TLSSocket.onTimeout (/Users/namanjain/FreshMart/FreshmartBackend/node_modules/@redis/client/dist/lib/client/socket.js:225:46)
    at Object.onceWrapper (node:events:638:28)
    at TLSSocket.emit (node:events:524:28)
    at Socket._onTimeout (node:net:609:8)
    at listOnTimeout (node:internal/timers:594:17)
    at process.processTimers (node:internal/timers:529:7)
2026-05-09 16:52:54 [[31merror[39m]: Error: Connection timeout
    at TLSSocket.onTimeout (/Users/namanjain/FreshMart/FreshmartBackend/node_modules/@redis/client/dist/lib/client/socket.js:225:46)
    at Object.onceWrapper (node:events:638:28)
    at TLSSocket.emit (node:events:524:28)
    at Socket._onTimeout (node:net:609:8)
    at listOnTimeout (node:internal/timers:594:17)
    at process.processTimers (node:internal/timers:529:7)
2026-05-09 16:52:59 [[31merror[39m]: Error: Connection timeout
    at TLSSocket.onTimeout (/Users/namanjain/FreshMart/FreshmartBackend/node_modules/@redis/client/dist/lib/client/socket.js:225:46)
    at Object.onceWrapper (node:events:638:28)
    at TLSSocket.emit (node:events:524:28)
    at Socket._onTimeout (node:net:609:8)
    at listOnTimeout (node:internal/timers:594:17)
    at process.processTimers (node:internal/timers:529:7)
2026-05-09 16:53:00 [[31merror[39m]: Error: Connection timeout
    at TLSSocket.onTimeout (/Users/namanjain/FreshMart/FreshmartBackend/node_modules/@redis/client/dist/lib/client/socket.js:225:46)
    at Object.onceWrapper (node:events:638:28)
    at TLSSocket.emit (node:events:524:28)
    at Socket._onTimeout (node:net:609:8)
    at listOnTimeout (node:internal/timers:594:17)
    at process.processTimers (node:internal/timers:529:7)
2026-05-09 16:53:00 [[31merror[39m]: Error: Connection timeout
    at TLSSocket.onTimeout (/Users/namanjain/FreshMart/FreshmartBackend/node_modules/@redis/client/dist/lib/client/socket.js:225:46)
    at Object.onceWrapper (node:events:638:28)
    at TLSSocket.emit (node:events:524:28)
    at Socket._onTimeout (node:net:609:8)
    at listOnTimeout (node:internal/timers:594:17)
    at process.processTimers (node:internal/timers:529:7)
2026-05-09 16:53:05 [[31merror[39m]: Error: Connection timeout
    at TLSSocket.onTimeout (/Users/namanjain/FreshMart/FreshmartBackend/node_modules/@redis/client/dist/lib/client/socket.js:225:46)
    at Object.onceWrapper (node:events:638:28)
    at TLSSocket.emit (node:events:524:28)
    at Socket._onTimeout (node:net:609:8)
    at listOnTimeout (node:internal/timers:594:17)
    at process.processTimers (node:internal/timers:529:7)
2026-05-09 16:53:05 [[31merror[39m]: Error: Connection timeout
    at TLSSocket.onTimeout (/Users/namanjain/FreshMart/FreshmartBackend/node_modules/@redis/client/dist/lib/client/socket.js:225:46)
    at Object.onceWrapper (node:events:638:28)
    at TLSSocket.emit (node:events:524:28)
    at Socket._onTimeout (node:net:609:8)
    at listOnTimeout (node:internal/timers:594:17)
    at process.processTimers (node:internal/timers:529:7)
2026-05-09 16:53:06 [[31merror[39m]: Error: Connection timeout
    at TLSSocket.onTimeout (/Users/namanjain/FreshMart/FreshmartBackend/node_modules/@redis/client/dist/lib/client/socket.js:225:46)
    at Object.onceWrapper (node:events:638:28)
    at TLSSocket.emit (node:events:524:28)
    at Socket._onTimeout (node:net:609:8)
    at listOnTimeout (node:internal/timers:594:17)
    at process.processTimers (node:internal/timers:529:7)
2026-05-09 16:53:12 [[31merror[39m]: Error: Connection timeout
    at TLSSocket.onTimeout (/Users/namanjain/FreshMart/FreshmartBackend/node_modules/@redis/client/dist/lib/client/socket.js:225:46)
    at Object.onceWrapper (node:events:638:28)
    at TLSSocket.emit (node:events:524:28)
    at Socket._onTimeout (node:net:609:8)
    at listOnTimeout (node:internal/timers:594:17)
    at process.processTimers (node:internal/timers:529:7)
2026-05-09 16:53:12 [[31merror[39m]: Error: Connection timeout
    at TLSSocket.onTimeout (/Users/namanjain/FreshMart/FreshmartBackend/node_modules/@redis/client/dist/lib/client/socket.js:225:46)
    at Object.onceWrapper (node:events:638:28)
    at TLSSocket.emit (node:events:524:28)
    at Socket._onTimeout (node:net:609:8)
    at listOnTimeout (node:internal/timers:594:17)
    at process.processTimers (node:internal/timers:529:7)
2026-05-09 16:53:12 [[31merror[39m]: Error: Connection timeout
    at TLSSocket.onTimeout (/Users/namanjain/FreshMart/FreshmartBackend/node_modules/@redis/client/dist/lib/client/socket.js:225:46)
    at Object.onceWrapper (node:events:638:28)
    at TLSSocket.emit (node:events:524:28)
    at Socket._onTimeout (node:net:609:8)
    at listOnTimeout (node:internal/timers:594:17)
    at process.processTimers (node:internal/timers:529:7)
2026-05-09 16:53:19 [[31merror[39m]: Error: Connection timeout
    at TLSSocket.onTimeout (/Users/namanjain/FreshMart/FreshmartBackend/node_modules/@redis/client/dist/lib/client/socket.js:225:46)
    at Object.onceWrapper (node:events:638:28)
    at TLSSocket.emit (node:events:524:28)
    at Socket._onTimeout (node:net:609:8)
    at listOnTimeout (node:internal/timers:594:17)
    at process.processTimers (node:internal/timers:529:7)
2026-05-09 16:53:19 [[31merror[39m]: Error: Connection timeout
    at TLSSocket.onTimeout (/Users/namanjain/FreshMart/FreshmartBackend/node_modules/@redis/client/dist/lib/client/socket.js:225:46)
    at Object.onceWrapper (node:events:638:28)
    at TLSSocket.emit (node:events:524:28)
    at Socket._onTimeout (node:net:609:8)
    at listOnTimeout (node:internal/timers:594:17)
    at process.processTimers (node:internal/timers:529:7)
2026-05-09 16:53:20 [[31merror[39m]: Error: Connection timeout
    at TLSSocket.onTimeout (/Users/namanjain/FreshMart/FreshmartBackend/node_modules/@redis/client/dist/lib/client/socket.js:225:46)
    at Object.onceWrapper (node:events:638:28)
    at TLSSocket.emit (node:events:524:28)
    at Socket._onTimeout (node:net:609:8)
    at listOnTimeout (node:internal/timers:594:17)
    at process.processTimers (node:internal/timers:529:7)
2026-05-09 16:53:27 [[31merror[39m]: Error: Connection timeout
    at TLSSocket.onTimeout (/Users/namanjain/FreshMart/FreshmartBackend/node_modules/@redis/client/dist/lib/client/socket.js:225:46)
    at Object.onceWrapper (node:events:638:28)
    at TLSSocket.emit (node:events:524:28)
    at Socket._onTimeout (node:net:609:8)
    at listOnTimeout (node:internal/timers:594:17)
    at process.processTimers (node:internal/timers:529:7)
2026-05-09 16:53:27 [[31merror[39m]: Error: Connection timeout
    at TLSSocket.onTimeout (/Users/namanjain/FreshMart/FreshmartBackend/node_modules/@redis/client/dist/lib/client/socket.js:225:46)
    at Object.onceWrapper (node:events:638:28)
    at TLSSocket.emit (node:events:524:28)
    at Socket._onTimeout (node:net:609:8)
    at listOnTimeout (node:internal/timers:594:17)
    at process.processTimers (node:internal/timers:529:7)
2026-05-09 16:53:27 [[31merror[39m]: Error: Connection timeout
    at TLSSocket.onTimeout (/Users/namanjain/FreshMart/FreshmartBackend/node_modules/@redis/client/dist/lib/client/socket.js:225:46)
    at Object.onceWrapper (node:events:638:28)
    at TLSSocket.emit (node:events:524:28)
    at Socket._onTimeout (node:net:609:8)
    at listOnTimeout (node:internal/timers:594:17)
    at process.processTimers (node:internal/timers:529:7)
2026-05-09 16:53:34 [[31merror[39m]: Error: Connection timeout
    at TLSSocket.onTimeout (/Users/namanjain/FreshMart/FreshmartBackend/node_modules/@redis/client/dist/lib/client/socket.js:225:46)
    at Object.onceWrapper (node:events:638:28)
    at TLSSocket.emit (node:events:524:28)
    at Socket._onTimeout (node:net:609:8)
    at listOnTimeout (node:internal/timers:594:17)
    at process.processTimers (node:internal/timers:529:7)
2026-05-09 16:53:34 [[31merror[39m]: Error: Connection timeout
    at TLSSocket.onTimeout (/Users/namanjain/FreshMart/FreshmartBackend/node_modules/@redis/client/dist/lib/client/socket.js:225:46)
    at Object.onceWrapper (node:events:638:28)
    at TLSSocket.emit (node:events:524:28)
    at Socket._onTimeout (node:net:609:8)
    at listOnTimeout (node:internal/timers:594:17)
    at process.processTimers (node:internal/timers:529:7)
2026-05-09 16:53:34 [[31merror[39m]: Error: Connection timeout
    at TLSSocket.onTimeout (/Users/namanjain/FreshMart/FreshmartBackend/node_modules/@redis/client/dist/lib/client/socket.js:225:46)
    at Object.onceWrapper (node:events:638:28)
    at TLSSocket.emit (node:events:524:28)
    at Socket._onTimeout (node:net:609:8)
    at listOnTimeout (node:internal/timers:594:17)
    at process.processTimers (node:internal/timers:529:7)
2026-05-09 16:53:41 [[31merror[39m]: Error: Connection timeout
    at TLSSocket.onTimeout (/Users/namanjain/FreshMart/FreshmartBackend/node_modules/@redis/client/dist/lib/client/socket.js:225:46)
    at Object.onceWrapper (node:events:638:28)
    at TLSSocket.emit (node:events:524:28)
    at Socket._onTimeout (node:net:609:8)
    at listOnTimeout (node:internal/timers:594:17)
    at process.processTimers (node:internal/timers:529:7)
2026-05-09 16:53:41 [[31merror[39m]: Error: Connection timeout
    at TLSSocket.onTimeout (/Users/namanjain/FreshMart/FreshmartBackend/node_modules/@redis/client/dist/lib/client/socket.js:225:46)
    at Object.onceWrapper (node:events:638:28)
    at TLSSocket.emit (node:events:524:28)
    at Socket._onTimeout (node:net:609:8)
    at listOnTimeout (node:internal/timers:594:17)
    at process.processTimers (node:internal/timers:529:7)
2026-05-09 16:53:41 [[31merror[39m]: Error: Connection timeout
    at TLSSocket.onTimeout (/Users/namanjain/FreshMart/FreshmartBackend/node_modules/@redis/client/dist/lib/client/socket.js:225:46)
    at Object.onceWrapper (node:events:638:28)
    at TLSSocket.emit (node:events:524:28)
    at Socket._onTimeout (node:net:609:8)
    at listOnTimeout (node:internal/timers:594:17)
    at process.processTimers (node:internal/timers:529:7)
2026-05-09 16:53:48 [[31merror[39m]: Error: Connection timeout
    at TLSSocket.onTimeout (/Users/namanjain/FreshMart/FreshmartBackend/node_modules/@redis/client/dist/lib/client/socket.js:225:46)
    at Object.onceWrapper (node:events:638:28)
    at TLSSocket.emit (node:events:524:28)
    at Socket._onTimeout (node:net:609:8)
    at listOnTimeout (node:internal/timers:594:17)
    at process.processTimers (node:internal/timers:529:7)
2026-05-09 16:53:48 [[31merror[39m]: Error: Connection timeout
    at TLSSocket.onTimeout (/Users/namanjain/FreshMart/FreshmartBackend/node_modules/@redis/client/dist/lib/client/socket.js:225:46)
    at Object.onceWrapper (node:events:638:28)
    at TLSSocket.emit (node:events:524:28)
    at Socket._onTimeout (node:net:609:8)
    at listOnTimeout (node:internal/timers:594:17)
    at process.processTimers (node:internal/timers:529:7)
2026-05-09 16:53:48 [[31merror[39m]: Error: Connection timeout
    at TLSSocket.onTimeout (/Users/namanjain/FreshMart/FreshmartBackend/node_modules/@redis/client/dist/lib/client/socket.js:225:46)
    at Object.onceWrapper (node:events:638:28)
    at TLSSocket.emit (node:events:524:28)
    at Socket._onTimeout (node:net:609:8)
    at listOnTimeout (node:internal/timers:594:17)
    at process.processTimers (node:internal/timers:529:7)
2026-05-09 16:53:55 [[31merror[39m]: Error: Connection timeout
    at TLSSocket.onTimeout (/Users/namanjain/FreshMart/FreshmartBackend/node_modules/@redis/client/dist/lib/client/socket.js:225:46)
    at Object.onceWrapper (node:events:638:28)
    at TLSSocket.emit (node:events:524:28)
    at Socket._onTimeout (node:net:609:8)
    at listOnTimeout (node:internal/timers:594:17)
    at process.processTimers (node:internal/timers:529:7)
2026-05-09 16:53:55 [[31merror[39m]: Error: Connection timeout
    at TLSSocket.onTimeout (/Users/namanjain/FreshMart/FreshmartBackend/node_modules/@redis/client/dist/lib/client/socket.js:225:46)
    at Object.onceWrapper (node:events:638:28)
    at TLSSocket.emit (node:events:524:28)
    at Socket._onTimeout (node:net:609:8)
    at listOnTimeout (node:internal/timers:594:17)
    at process.processTimers (node:internal/timers:529:7)
2026-05-09 16:53:55 [[31merror[39m]: Error: Connection timeout
    at TLSSocket.onTimeout (/Users/namanjain/FreshMart/FreshmartBackend/node_modules/@redis/client/dist/lib/client/socket.js:225:46)
    at Object.onceWrapper (node:events:638:28)
    at TLSSocket.emit (node:events:524:28)
    at Socket._onTimeout (node:net:609:8)
    at listOnTimeout (node:internal/timers:594:17)
    at process.processTimers (node:internal/timers:529:7)
2026-05-09 16:54:02 [[31merror[39m]: Error: Connection timeout
    at TLSSocket.onTimeout (/Users/namanjain/FreshMart/FreshmartBackend/node_modules/@redis/client/dist/lib/client/socket.js:225:46)
    at Object.onceWrapper (node:events:638:28)
    at TLSSocket.emit (node:events:524:28)
    at Socket._onTimeout (node:net:609:8)
    at listOnTimeout (node:internal/timers:594:17)
    at process.processTimers (node:internal/timers:529:7)
2026-05-09 16:54:02 [[31merror[39m]: Error: Connection timeout
    at TLSSocket.onTimeout (/Users/namanjain/FreshMart/FreshmartBackend/node_modules/@redis/client/dist/lib/client/socket.js:225:46)
    at Object.onceWrapper (node:events:638:28)
    at TLSSocket.emit (node:events:524:28)
    at Socket._onTimeout (node:net:609:8)
    at listOnTimeout (node:internal/timers:594:17)
    at process.processTimers (node:internal/timers:529:7)
2026-05-09 16:54:03 [[31merror[39m]: Error: Connection timeout
    at TLSSocket.onTimeout (/Users/namanjain/FreshMart/FreshmartBackend/node_modules/@redis/client/dist/lib/client/socket.js:225:46)
    at Object.onceWrapper (node:events:638:28)
    at TLSSocket.emit (node:events:524:28)
    at Socket._onTimeout (node:net:609:8)
    at listOnTimeout (node:internal/timers:594:17)
    at process.processTimers (node:internal/timers:529:7)
2026-05-09 16:54:09 [[31merror[39m]: Error: Connection timeout
    at TLSSocket.onTimeout (/Users/namanjain/FreshMart/FreshmartBackend/node_modules/@redis/client/dist/lib/client/socket.js:225:46)
    at Object.onceWrapper (node:events:638:28)
    at TLSSocket.emit (node:events:524:28)
    at Socket._onTimeout (node:net:609:8)
    at listOnTimeout (node:internal/timers:594:17)
    at process.processTimers (node:internal/timers:529:7)
2026-05-09 16:54:10 [[31merror[39m]: Error: Connection timeout
    at TLSSocket.onTimeout (/Users/namanjain/FreshMart/FreshmartBackend/node_modules/@redis/client/dist/lib/client/socket.js:225:46)
    at Object.onceWrapper (node:events:638:28)
    at TLSSocket.emit (node:events:524:28)
    at Socket._onTimeout (node:net:609:8)
    at listOnTimeout (node:internal/timers:594:17)
    at process.processTimers (node:internal/timers:529:7)
2026-05-09 16:54:10 [[31merror[39m]: Error: Connection timeout
    at TLSSocket.onTimeout (/Users/namanjain/FreshMart/FreshmartBackend/node_modules/@redis/client/dist/lib/client/socket.js:225:46)
    at Object.onceWrapper (node:events:638:28)
    at TLSSocket.emit (node:events:524:28)
    at Socket._onTimeout (node:net:609:8)
    at listOnTimeout (node:internal/timers:594:17)
    at process.processTimers (node:internal/timers:529:7)
2026-05-09 16:54:17 [[31merror[39m]: Error: Connection timeout
    at TLSSocket.onTimeout (/Users/namanjain/FreshMart/FreshmartBackend/node_modules/@redis/client/dist/lib/client/socket.js:225:46)
    at Object.onceWrapper (node:events:638:28)
    at TLSSocket.emit (node:events:524:28)
    at Socket._onTimeout (node:net:609:8)
    at listOnTimeout (node:internal/timers:594:17)
    at process.processTimers (node:internal/timers:529:7)
2026-05-09 16:54:17 [[31merror[39m]: Error: Connection timeout
    at TLSSocket.onTimeout (/Users/namanjain/FreshMart/FreshmartBackend/node_modules/@redis/client/dist/lib/client/socket.js:225:46)
    at Object.onceWrapper (node:events:638:28)
    at TLSSocket.emit (node:events:524:28)
    at Socket._onTimeout (node:net:609:8)
    at listOnTimeout (node:internal/timers:594:17)
    at process.processTimers (node:internal/timers:529:7)
2026-05-09 16:54:17 [[31merror[39m]: Error: Connection timeout
    at TLSSocket.onTimeout (/Users/namanjain/FreshMart/FreshmartBackend/node_modules/@redis/client/dist/lib/client/socket.js:225:46)
    at Object.onceWrapper (node:events:638:28)
    at TLSSocket.emit (node:events:524:28)
    at Socket._onTimeout (node:net:609:8)
    at listOnTimeout (node:internal/timers:594:17)
    at process.processTimers (node:internal/timers:529:7)
2026-05-09 16:54:18 [[31merror[39m]: Error: querySrv EREFUSED _mongodb._tcp.landacers.jy24n.mongodb.net
    at QueryReqWrap.onresolve [as oncomplete] (node:internal/dns/promises:293:17)
2026-05-09 16:54:21 [[31merror[39m]: Error: querySrv EREFUSED _mongodb._tcp.landacers.jy24n.mongodb.net
    at QueryReqWrap.onresolve [as oncomplete] (node:internal/dns/promises:293:17)
2026-05-09 16:54:24 [[31merror[39m]: Error: Connection timeout
    at TLSSocket.onTimeout (/Users/namanjain/FreshMart/FreshmartBackend/node_modules/@redis/client/dist/lib/client/socket.js:225:46)
    at Object.onceWrapper (node:events:638:28)
    at TLSSocket.emit (node:events:524:28)
    at Socket._onTimeout (node:net:609:8)
    at listOnTimeout (node:internal/timers:594:17)
    at process.processTimers (node:internal/timers:529:7)
2026-05-09 16:54:24 [[31merror[39m]: Error: Connection timeout
    at TLSSocket.onTimeout (/Users/namanjain/FreshMart/FreshmartBackend/node_modules/@redis/client/dist/lib/client/socket.js:225:46)
    at Object.onceWrapper (node:events:638:28)
    at TLSSocket.emit (node:events:524:28)
    at Socket._onTimeout (node:net:609:8)
    at listOnTimeout (node:internal/timers:594:17)
    at process.processTimers (node:internal/timers:529:7)
2026-05-09 16:54:25 [[31merror[39m]: Error: querySrv EREFUSED _mongodb._tcp.landacers.jy24n.mongodb.net
    at QueryReqWrap.onresolve [as oncomplete] (node:internal/dns/promises:293:17)
2026-05-09 16:54:28 [[31merror[39m]: Error: querySrv EREFUSED _mongodb._tcp.landacers.jy24n.mongodb.net
    at QueryReqWrap.onresolve [as oncomplete] (node:internal/dns/promises:293:17)
2026-05-09 16:54:29 [[31merror[39m]: Error: querySrv EREFUSED _mongodb._tcp.landacers.jy24n.mongodb.net
    at QueryReqWrap.onresolve [as oncomplete] (node:internal/dns/promises:293:17)
2026-05-09 16:54:31 [[31merror[39m]: Error: Connection timeout
    at TLSSocket.onTimeout (/Users/namanjain/FreshMart/FreshmartBackend/node_modules/@redis/client/dist/lib/client/socket.js:225:46)
    at Object.onceWrapper (node:events:638:28)
    at TLSSocket.emit (node:events:524:28)
    at Socket._onTimeout (node:net:609:8)
    at listOnTimeout (node:internal/timers:594:17)
    at process.processTimers (node:internal/timers:529:7)
2026-05-09 16:54:31 [[31merror[39m]: Error: querySrv EREFUSED _mongodb._tcp.landacers.jy24n.mongodb.net
    at QueryReqWrap.onresolve [as oncomplete] (node:internal/dns/promises:293:17)
2026-05-09 16:54:33 [[31merror[39m]: Error: querySrv EREFUSED _mongodb._tcp.landacers.jy24n.mongodb.net
    at QueryReqWrap.onresolve [as oncomplete] (node:internal/dns/promises:293:17)
2026-05-09 16:54:38 [[31merror[39m]: Error: querySrv EREFUSED _mongodb._tcp.landacers.jy24n.mongodb.net
    at QueryReqWrap.onresolve [as oncomplete] (node:internal/dns/promises:293:17)
2026-05-09 16:54:38 [[31merror[39m]: Error: querySrv EREFUSED _mongodb._tcp.landacers.jy24n.mongodb.net
    at QueryReqWrap.onresolve [as oncomplete] (node:internal/dns/promises:293:17)
2026-05-10 08:19:02 [[31merror[39m]: Error: read ECONNRESET
    at TLSWrap.onStreamRead (node:internal/stream_base_commons:216:20)
2026-05-10 08:19:07 [[31merror[39m]: Error: Connection timeout
    at TLSSocket.onTimeout (/Users/namanjain/FreshMart/FreshmartBackend/node_modules/@redis/client/dist/lib/client/socket.js:225:46)
    at Object.onceWrapper (node:events:638:28)
    at TLSSocket.emit (node:events:524:28)
    at Socket._onTimeout (node:net:609:8)
    at listOnTimeout (node:internal/timers:594:17)
    at process.processTimers (node:internal/timers:529:7)
2026-05-10 08:19:12 [[31merror[39m]: Error: Connection timeout
    at TLSSocket.onTimeout (/Users/namanjain/FreshMart/FreshmartBackend/node_modules/@redis/client/dist/lib/client/socket.js:225:46)
    at Object.onceWrapper (node:events:638:28)
    at TLSSocket.emit (node:events:524:28)
    at Socket._onTimeout (node:net:609:8)
    at listOnTimeout (node:internal/timers:594:17)
    at process.processTimers (node:internal/timers:529:7)
2026-05-10 08:19:17 [[31merror[39m]: Error: Connection timeout
    at TLSSocket.onTimeout (/Users/namanjain/FreshMart/FreshmartBackend/node_modules/@redis/client/dist/lib/client/socket.js:225:46)
    at Object.onceWrapper (node:events:638:28)
    at TLSSocket.emit (node:events:524:28)
    at Socket._onTimeout (node:net:609:8)
    at listOnTimeout (node:internal/timers:594:17)
    at process.processTimers (node:internal/timers:529:7)
2026-05-10 08:19:23 [[31merror[39m]: Error: Connection timeout
    at TLSSocket.onTimeout (/Users/namanjain/FreshMart/FreshmartBackend/node_modules/@redis/client/dist/lib/client/socket.js:225:46)
    at Object.onceWrapper (node:events:638:28)
    at TLSSocket.emit (node:events:524:28)
    at Socket._onTimeout (node:net:609:8)
    at listOnTimeout (node:internal/timers:594:17)
    at process.processTimers (node:internal/timers:529:7)
2026-05-10 08:19:28 [[31merror[39m]: Error: Connection timeout
    at TLSSocket.onTimeout (/Users/namanjain/FreshMart/FreshmartBackend/node_modules/@redis/client/dist/lib/client/socket.js:225:46)
    at Object.onceWrapper (node:events:638:28)
    at TLSSocket.emit (node:events:524:28)
    at Socket._onTimeout (node:net:609:8)
    at listOnTimeout (node:internal/timers:594:17)
    at process.processTimers (node:internal/timers:529:7)
2026-05-10 08:19:34 [[31merror[39m]: Error: Connection timeout
    at TLSSocket.onTimeout (/Users/namanjain/FreshMart/FreshmartBackend/node_modules/@redis/client/dist/lib/client/socket.js:225:46)
    at Object.onceWrapper (node:events:638:28)
    at TLSSocket.emit (node:events:524:28)
    at Socket._onTimeout (node:net:609:8)
    at listOnTimeout (node:internal/timers:594:17)
    at process.processTimers (node:internal/timers:529:7)
2026-05-10 08:19:41 [[31merror[39m]: Error: Connection timeout
    at TLSSocket.onTimeout (/Users/namanjain/FreshMart/FreshmartBackend/node_modules/@redis/client/dist/lib/client/socket.js:225:46)
    at Object.onceWrapper (node:events:638:28)
    at TLSSocket.emit (node:events:524:28)
    at Socket._onTimeout (node:net:609:8)
    at listOnTimeout (node:internal/timers:594:17)
    at process.processTimers (node:internal/timers:529:7)
2026-05-10 08:19:48 [[31merror[39m]: Error: Connection timeout
    at TLSSocket.onTimeout (/Users/namanjain/FreshMart/FreshmartBackend/node_modules/@redis/client/dist/lib/client/socket.js:225:46)
    at Object.onceWrapper (node:events:638:28)
    at TLSSocket.emit (node:events:524:28)
    at Socket._onTimeout (node:net:609:8)
    at listOnTimeout (node:internal/timers:594:17)
    at process.processTimers (node:internal/timers:529:7)
2026-05-10 08:19:55 [[31merror[39m]: Error: Connection timeout
    at TLSSocket.onTimeout (/Users/namanjain/FreshMart/FreshmartBackend/node_modules/@redis/client/dist/lib/client/socket.js:225:46)
    at Object.onceWrapper (node:events:638:28)
    at TLSSocket.emit (node:events:524:28)
    at Socket._onTimeout (node:net:609:8)
    at listOnTimeout (node:internal/timers:594:17)
    at process.processTimers (node:internal/timers:529:7)
2026-05-10 08:20:02 [[31merror[39m]: Error: Connection timeout
    at TLSSocket.onTimeout (/Users/namanjain/FreshMart/FreshmartBackend/node_modules/@redis/client/dist/lib/client/socket.js:225:46)
    at Object.onceWrapper (node:events:638:28)
    at TLSSocket.emit (node:events:524:28)
    at Socket._onTimeout (node:net:609:8)
    at listOnTimeout (node:internal/timers:594:17)
    at process.processTimers (node:internal/timers:529:7)
2026-05-10 08:20:08 [[31merror[39m]: Error: getaddrinfo ENOTFOUND glowing-sawfish-119751.upstash.io
    at GetAddrInfoReqWrap.onlookupall [as oncomplete] (node:dns:120:26)
2026-05-10 08:20:10 [[31merror[39m]: Error: getaddrinfo ENOTFOUND glowing-sawfish-119751.upstash.io
    at GetAddrInfoReqWrap.onlookupall [as oncomplete] (node:dns:120:26)
2026-05-10 08:20:12 [[31merror[39m]: Error: getaddrinfo ENOTFOUND glowing-sawfish-119751.upstash.io
    at GetAddrInfoReqWrap.onlookupall [as oncomplete] (node:dns:120:26)
2026-05-10 10:43:06 [[31merror[39m]: BadRequestError: request aborted
    at IncomingMessage.onAborted (/Users/namanjain/FreshMart/FreshmartBackend/node_modules/raw-body/index.js:245:10)
    at IncomingMessage.emit (node:events:524:28)
    at IncomingMessage._destroy (node:_http_incoming:221:10)
    at _destroy (node:internal/streams/destroy:122:10)
    at IncomingMessage.destroy (node:internal/streams/destroy:84:5)
    at abortIncoming (node:_http_server:809:9)
    at socketOnClose (node:_http_server:803:3)
    at Socket.emit (node:events:536:35)
    at TCP.<anonymous> (node:net:351:12)
2026-05-10 10:43:07 [[31merror[39m]: BadRequestError: request aborted
    at IncomingMessage.onAborted (/Users/namanjain/FreshMart/FreshmartBackend/node_modules/raw-body/index.js:245:10)
    at IncomingMessage.emit (node:events:524:28)
    at IncomingMessage._destroy (node:_http_incoming:221:10)
    at _destroy (node:internal/streams/destroy:122:10)
    at IncomingMessage.destroy (node:internal/streams/destroy:84:5)
    at abortIncoming (node:_http_server:809:9)
    at socketOnClose (node:_http_server:803:3)
    at Socket.emit (node:events:536:35)
    at TCP.<anonymous> (node:net:351:12)
2026-05-10 10:43:49 [[31merror[39m]: Error: write EPIPE
    at afterWriteDispatched (node:internal/stream_base_commons:159:15)
    at writeGeneric (node:internal/stream_base_commons:150:3)
    at Socket._writeGeneric (node:net:971:11)
    at Socket._write (node:net:983:8)
    at writeOrBuffer (node:internal/streams/writable:572:12)
    at _write (node:internal/streams/writable:501:10)
    at Writable.write (node:internal/streams/writable:510:10)
    at Array.logRequest (/Users/namanjain/FreshMart/FreshmartBackend/node_modules/morgan/index.js:130:14)
    at listener (/Users/namanjain/FreshMart/FreshmartBackend/node_modules/morgan/node_modules/on-finished/index.js:169:15)
    at onFinish (/Users/namanjain/FreshMart/FreshmartBackend/node_modules/morgan/node_modules/on-finished/index.js:100:5)
2026-05-10 10:59:42 [[31merror[39m]: MongoServerError: unrecognized option to $unwind stage: preserveNullAndEmpty
    at Connection.sendCommand (/Users/namanjain/FreshMart/FreshmartBackend/node_modules/mongoose/node_modules/mongodb/lib/cmap/connection.js:320:27)
    at process.processTicksAndRejections (node:internal/process/task_queues:105:5)
    at async Connection.command (/Users/namanjain/FreshMart/FreshmartBackend/node_modules/mongoose/node_modules/mongodb/lib/cmap/connection.js:347:26)
    at async Server.command (/Users/namanjain/FreshMart/FreshmartBackend/node_modules/mongoose/node_modules/mongodb/lib/sdam/server.js:208:29)
    at async executeOperationWithRetries (/Users/namanjain/FreshMart/FreshmartBackend/node_modules/mongoose/node_modules/mongodb/lib/operations/execute_operation.js:193:32)
    at async executeOperation (/Users/namanjain/FreshMart/FreshmartBackend/node_modules/mongoose/node_modules/mongodb/lib/operations/execute_operation.js:83:16)
    at async AggregationCursor._initialize (/Users/namanjain/FreshMart/FreshmartBackend/node_modules/mongoose/node_modules/mongodb/lib/cursor/aggregation_cursor.js:57:26)
    at async AggregationCursor.cursorInit (/Users/namanjain/FreshMart/FreshmartBackend/node_modules/mongoose/node_modules/mongodb/lib/cursor/abstract_cursor.js:620:27)
    at async AggregationCursor.fetchBatch (/Users/namanjain/FreshMart/FreshmartBackend/node_modules/mongoose/node_modules/mongodb/lib/cursor/abstract_cursor.js:654:13)
    at async AggregationCursor.next (/Users/namanjain/FreshMart/FreshmartBackend/node_modules/mongoose/node_modules/mongodb/lib/cursor/abstract_cursor.js:326:17)
2026-05-10 10:59:43 [[31merror[39m]: MongoServerError: unrecognized option to $unwind stage: preserveNullAndEmpty
    at Connection.sendCommand (/Users/namanjain/FreshMart/FreshmartBackend/node_modules/mongoose/node_modules/mongodb/lib/cmap/connection.js:320:27)
    at process.processTicksAndRejections (node:internal/process/task_queues:105:5)
    at async Connection.command (/Users/namanjain/FreshMart/FreshmartBackend/node_modules/mongoose/node_modules/mongodb/lib/cmap/connection.js:347:26)
    at async Server.command (/Users/namanjain/FreshMart/FreshmartBackend/node_modules/mongoose/node_modules/mongodb/lib/sdam/server.js:208:29)
    at async executeOperationWithRetries (/Users/namanjain/FreshMart/FreshmartBackend/node_modules/mongoose/node_modules/mongodb/lib/operations/execute_operation.js:193:32)
    at async executeOperation (/Users/namanjain/FreshMart/FreshmartBackend/node_modules/mongoose/node_modules/mongodb/lib/operations/execute_operation.js:83:16)
    at async AggregationCursor._initialize (/Users/namanjain/FreshMart/FreshmartBackend/node_modules/mongoose/node_modules/mongodb/lib/cursor/aggregation_cursor.js:57:26)
    at async AggregationCursor.cursorInit (/Users/namanjain/FreshMart/FreshmartBackend/node_modules/mongoose/node_modules/mongodb/lib/cursor/abstract_cursor.js:620:27)
    at async AggregationCursor.fetchBatch (/Users/namanjain/FreshMart/FreshmartBackend/node_modules/mongoose/node_modules/mongodb/lib/cursor/abstract_cursor.js:654:13)
    at async AggregationCursor.next (/Users/namanjain/FreshMart/FreshmartBackend/node_modules/mongoose/node_modules/mongodb/lib/cursor/abstract_cursor.js:326:17)
2026-05-10 11:01:54 [[31merror[39m]: MongoServerError: unrecognized option to $unwind stage: preserveNullAndEmpty
    at Connection.sendCommand (/Users/namanjain/FreshMart/FreshmartBackend/node_modules/mongoose/node_modules/mongodb/lib/cmap/connection.js:320:27)
    at process.processTicksAndRejections (node:internal/process/task_queues:105:5)
    at async Connection.command (/Users/namanjain/FreshMart/FreshmartBackend/node_modules/mongoose/node_modules/mongodb/lib/cmap/connection.js:347:26)
    at async Server.command (/Users/namanjain/FreshMart/FreshmartBackend/node_modules/mongoose/node_modules/mongodb/lib/sdam/server.js:208:29)
    at async executeOperationWithRetries (/Users/namanjain/FreshMart/FreshmartBackend/node_modules/mongoose/node_modules/mongodb/lib/operations/execute_operation.js:193:32)
    at async executeOperation (/Users/namanjain/FreshMart/FreshmartBackend/node_modules/mongoose/node_modules/mongodb/lib/operations/execute_operation.js:83:16)
    at async AggregationCursor._initialize (/Users/namanjain/FreshMart/FreshmartBackend/node_modules/mongoose/node_modules/mongodb/lib/cursor/aggregation_cursor.js:57:26)
    at async AggregationCursor.cursorInit (/Users/namanjain/FreshMart/FreshmartBackend/node_modules/mongoose/node_modules/mongodb/lib/cursor/abstract_cursor.js:620:27)
    at async AggregationCursor.fetchBatch (/Users/namanjain/FreshMart/FreshmartBackend/node_modules/mongoose/node_modules/mongodb/lib/cursor/abstract_cursor.js:654:13)
    at async AggregationCursor.next (/Users/namanjain/FreshMart/FreshmartBackend/node_modules/mongoose/node_modules/mongodb/lib/cursor/abstract_cursor.js:326:17)
2026-05-10 11:01:55 [[31merror[39m]: MongoServerError: unrecognized option to $unwind stage: preserveNullAndEmpty
    at Connection.sendCommand (/Users/namanjain/FreshMart/FreshmartBackend/node_modules/mongoose/node_modules/mongodb/lib/cmap/connection.js:320:27)
    at process.processTicksAndRejections (node:internal/process/task_queues:105:5)
    at async Connection.command (/Users/namanjain/FreshMart/FreshmartBackend/node_modules/mongoose/node_modules/mongodb/lib/cmap/connection.js:347:26)
    at async Server.command (/Users/namanjain/FreshMart/FreshmartBackend/node_modules/mongoose/node_modules/mongodb/lib/sdam/server.js:208:29)
    at async executeOperationWithRetries (/Users/namanjain/FreshMart/FreshmartBackend/node_modules/mongoose/node_modules/mongodb/lib/operations/execute_operation.js:193:32)
    at async executeOperation (/Users/namanjain/FreshMart/FreshmartBackend/node_modules/mongoose/node_modules/mongodb/lib/operations/execute_operation.js:83:16)
    at async AggregationCursor._initialize (/Users/namanjain/FreshMart/FreshmartBackend/node_modules/mongoose/node_modules/mongodb/lib/cursor/aggregation_cursor.js:57:26)
    at async AggregationCursor.cursorInit (/Users/namanjain/FreshMart/FreshmartBackend/node_modules/mongoose/node_modules/mongodb/lib/cursor/abstract_cursor.js:620:27)
    at async AggregationCursor.fetchBatch (/Users/namanjain/FreshMart/FreshmartBackend/node_modules/mongoose/node_modules/mongodb/lib/cursor/abstract_cursor.js:654:13)
    at async AggregationCursor.next (/Users/namanjain/FreshMart/FreshmartBackend/node_modules/mongoose/node_modules/mongodb/lib/cursor/abstract_cursor.js:326:17)
2026-05-10 11:02:18 [[31merror[39m]: MongoServerError: unrecognized option to $unwind stage: preserveNullAndEmpty
    at Connection.sendCommand (/Users/namanjain/FreshMart/FreshmartBackend/node_modules/mongoose/node_modules/mongodb/lib/cmap/connection.js:320:27)
    at process.processTicksAndRejections (node:internal/process/task_queues:105:5)
    at async Connection.command (/Users/namanjain/FreshMart/FreshmartBackend/node_modules/mongoose/node_modules/mongodb/lib/cmap/connection.js:347:26)
    at async Server.command (/Users/namanjain/FreshMart/FreshmartBackend/node_modules/mongoose/node_modules/mongodb/lib/sdam/server.js:208:29)
    at async executeOperationWithRetries (/Users/namanjain/FreshMart/FreshmartBackend/node_modules/mongoose/node_modules/mongodb/lib/operations/execute_operation.js:193:32)
    at async executeOperation (/Users/namanjain/FreshMart/FreshmartBackend/node_modules/mongoose/node_modules/mongodb/lib/operations/execute_operation.js:83:16)
    at async AggregationCursor._initialize (/Users/namanjain/FreshMart/FreshmartBackend/node_modules/mongoose/node_modules/mongodb/lib/cursor/aggregation_cursor.js:57:26)
    at async AggregationCursor.cursorInit (/Users/namanjain/FreshMart/FreshmartBackend/node_modules/mongoose/node_modules/mongodb/lib/cursor/abstract_cursor.js:620:27)
    at async AggregationCursor.fetchBatch (/Users/namanjain/FreshMart/FreshmartBackend/node_modules/mongoose/node_modules/mongodb/lib/cursor/abstract_cursor.js:654:13)
    at async AggregationCursor.next (/Users/namanjain/FreshMart/FreshmartBackend/node_modules/mongoose/node_modules/mongodb/lib/cursor/abstract_cursor.js:326:17)
2026-05-10 11:02:19 [[31merror[39m]: MongoServerError: unrecognized option to $unwind stage: preserveNullAndEmpty
    at Connection.sendCommand (/Users/namanjain/FreshMart/FreshmartBackend/node_modules/mongoose/node_modules/mongodb/lib/cmap/connection.js:320:27)
    at process.processTicksAndRejections (node:internal/process/task_queues:105:5)
    at async Connection.command (/Users/namanjain/FreshMart/FreshmartBackend/node_modules/mongoose/node_modules/mongodb/lib/cmap/connection.js:347:26)
    at async Server.command (/Users/namanjain/FreshMart/FreshmartBackend/node_modules/mongoose/node_modules/mongodb/lib/sdam/server.js:208:29)
    at async executeOperationWithRetries (/Users/namanjain/FreshMart/FreshmartBackend/node_modules/mongoose/node_modules/mongodb/lib/operations/execute_operation.js:193:32)
    at async executeOperation (/Users/namanjain/FreshMart/FreshmartBackend/node_modules/mongoose/node_modules/mongodb/lib/operations/execute_operation.js:83:16)
    at async AggregationCursor._initialize (/Users/namanjain/FreshMart/FreshmartBackend/node_modules/mongoose/node_modules/mongodb/lib/cursor/aggregation_cursor.js:57:26)
    at async AggregationCursor.cursorInit (/Users/namanjain/FreshMart/FreshmartBackend/node_modules/mongoose/node_modules/mongodb/lib/cursor/abstract_cursor.js:620:27)
    at async AggregationCursor.fetchBatch (/Users/namanjain/FreshMart/FreshmartBackend/node_modules/mongoose/node_modules/mongodb/lib/cursor/abstract_cursor.js:654:13)
    at async AggregationCursor.next (/Users/namanjain/FreshMart/FreshmartBackend/node_modules/mongoose/node_modules/mongodb/lib/cursor/abstract_cursor.js:326:17)
2026-05-10 11:02:25 [[31merror[39m]: MongoServerError: unrecognized option to $unwind stage: preserveNullAndEmpty
    at Connection.sendCommand (/Users/namanjain/FreshMart/FreshmartBackend/node_modules/mongoose/node_modules/mongodb/lib/cmap/connection.js:320:27)
    at process.processTicksAndRejections (node:internal/process/task_queues:105:5)
    at async Connection.command (/Users/namanjain/FreshMart/FreshmartBackend/node_modules/mongoose/node_modules/mongodb/lib/cmap/connection.js:347:26)
    at async Server.command (/Users/namanjain/FreshMart/FreshmartBackend/node_modules/mongoose/node_modules/mongodb/lib/sdam/server.js:208:29)
    at async executeOperationWithRetries (/Users/namanjain/FreshMart/FreshmartBackend/node_modules/mongoose/node_modules/mongodb/lib/operations/execute_operation.js:193:32)
    at async executeOperation (/Users/namanjain/FreshMart/FreshmartBackend/node_modules/mongoose/node_modules/mongodb/lib/operations/execute_operation.js:83:16)
    at async AggregationCursor._initialize (/Users/namanjain/FreshMart/FreshmartBackend/node_modules/mongoose/node_modules/mongodb/lib/cursor/aggregation_cursor.js:57:26)
    at async AggregationCursor.cursorInit (/Users/namanjain/FreshMart/FreshmartBackend/node_modules/mongoose/node_modules/mongodb/lib/cursor/abstract_cursor.js:620:27)
    at async AggregationCursor.fetchBatch (/Users/namanjain/FreshMart/FreshmartBackend/node_modules/mongoose/node_modules/mongodb/lib/cursor/abstract_cursor.js:654:13)
    at async AggregationCursor.next (/Users/namanjain/FreshMart/FreshmartBackend/node_modules/mongoose/node_modules/mongodb/lib/cursor/abstract_cursor.js:326:17)
2026-05-10 11:02:26 [[31merror[39m]: MongoServerError: unrecognized option to $unwind stage: preserveNullAndEmpty
    at Connection.sendCommand (/Users/namanjain/FreshMart/FreshmartBackend/node_modules/mongoose/node_modules/mongodb/lib/cmap/connection.js:320:27)
    at process.processTicksAndRejections (node:internal/process/task_queues:105:5)
    at async Connection.command (/Users/namanjain/FreshMart/FreshmartBackend/node_modules/mongoose/node_modules/mongodb/lib/cmap/connection.js:347:26)
    at async Server.command (/Users/namanjain/FreshMart/FreshmartBackend/node_modules/mongoose/node_modules/mongodb/lib/sdam/server.js:208:29)
    at async executeOperationWithRetries (/Users/namanjain/FreshMart/FreshmartBackend/node_modules/mongoose/node_modules/mongodb/lib/operations/execute_operation.js:193:32)
    at async executeOperation (/Users/namanjain/FreshMart/FreshmartBackend/node_modules/mongoose/node_modules/mongodb/lib/operations/execute_operation.js:83:16)
    at async AggregationCursor._initialize (/Users/namanjain/FreshMart/FreshmartBackend/node_modules/mongoose/node_modules/mongodb/lib/cursor/aggregation_cursor.js:57:26)
    at async AggregationCursor.cursorInit (/Users/namanjain/FreshMart/FreshmartBackend/node_modules/mongoose/node_modules/mongodb/lib/cursor/abstract_cursor.js:620:27)
    at async AggregationCursor.fetchBatch (/Users/namanjain/FreshMart/FreshmartBackend/node_modules/mongoose/node_modules/mongodb/lib/cursor/abstract_cursor.js:654:13)
    at async AggregationCursor.next (/Users/namanjain/FreshMart/FreshmartBackend/node_modules/mongoose/node_modules/mongodb/lib/cursor/abstract_cursor.js:326:17)
2026-05-10 11:02:37 [[31merror[39m]: MongoServerError: unrecognized option to $unwind stage: preserveNullAndEmpty
    at Connection.sendCommand (/Users/namanjain/FreshMart/FreshmartBackend/node_modules/mongoose/node_modules/mongodb/lib/cmap/connection.js:320:27)
    at process.processTicksAndRejections (node:internal/process/task_queues:105:5)
    at async Connection.command (/Users/namanjain/FreshMart/FreshmartBackend/node_modules/mongoose/node_modules/mongodb/lib/cmap/connection.js:347:26)
    at async Server.command (/Users/namanjain/FreshMart/FreshmartBackend/node_modules/mongoose/node_modules/mongodb/lib/sdam/server.js:208:29)
    at async executeOperationWithRetries (/Users/namanjain/FreshMart/FreshmartBackend/node_modules/mongoose/node_modules/mongodb/lib/operations/execute_operation.js:193:32)
    at async executeOperation (/Users/namanjain/FreshMart/FreshmartBackend/node_modules/mongoose/node_modules/mongodb/lib/operations/execute_operation.js:83:16)
    at async AggregationCursor._initialize (/Users/namanjain/FreshMart/FreshmartBackend/node_modules/mongoose/node_modules/mongodb/lib/cursor/aggregation_cursor.js:57:26)
    at async AggregationCursor.cursorInit (/Users/namanjain/FreshMart/FreshmartBackend/node_modules/mongoose/node_modules/mongodb/lib/cursor/abstract_cursor.js:620:27)
    at async AggregationCursor.fetchBatch (/Users/namanjain/FreshMart/FreshmartBackend/node_modules/mongoose/node_modules/mongodb/lib/cursor/abstract_cursor.js:654:13)
    at async AggregationCursor.next (/Users/namanjain/FreshMart/FreshmartBackend/node_modules/mongoose/node_modules/mongodb/lib/cursor/abstract_cursor.js:326:17)
2026-05-10 11:02:38 [[31merror[39m]: MongoServerError: unrecognized option to $unwind stage: preserveNullAndEmpty
    at Connection.sendCommand (/Users/namanjain/FreshMart/FreshmartBackend/node_modules/mongoose/node_modules/mongodb/lib/cmap/connection.js:320:27)
    at process.processTicksAndRejections (node:internal/process/task_queues:105:5)
    at async Connection.command (/Users/namanjain/FreshMart/FreshmartBackend/node_modules/mongoose/node_modules/mongodb/lib/cmap/connection.js:347:26)
    at async Server.command (/Users/namanjain/FreshMart/FreshmartBackend/node_modules/mongoose/node_modules/mongodb/lib/sdam/server.js:208:29)
    at async executeOperationWithRetries (/Users/namanjain/FreshMart/FreshmartBackend/node_modules/mongoose/node_modules/mongodb/lib/operations/execute_operation.js:193:32)
    at async executeOperation (/Users/namanjain/FreshMart/FreshmartBackend/node_modules/mongoose/node_modules/mongodb/lib/operations/execute_operation.js:83:16)
    at async AggregationCursor._initialize (/Users/namanjain/FreshMart/FreshmartBackend/node_modules/mongoose/node_modules/mongodb/lib/cursor/aggregation_cursor.js:57:26)
    at async AggregationCursor.cursorInit (/Users/namanjain/FreshMart/FreshmartBackend/node_modules/mongoose/node_modules/mongodb/lib/cursor/abstract_cursor.js:620:27)
    at async AggregationCursor.fetchBatch (/Users/namanjain/FreshMart/FreshmartBackend/node_modules/mongoose/node_modules/mongodb/lib/cursor/abstract_cursor.js:654:13)
    at async AggregationCursor.next (/Users/namanjain/FreshMart/FreshmartBackend/node_modules/mongoose/node_modules/mongodb/lib/cursor/abstract_cursor.js:326:17)
2026-05-10 11:02:59 [[31merror[39m]: MongoServerError: unrecognized option to $unwind stage: preserveNullAndEmpty
    at Connection.sendCommand (/Users/namanjain/FreshMart/FreshmartBackend/node_modules/mongoose/node_modules/mongodb/lib/cmap/connection.js:320:27)
    at process.processTicksAndRejections (node:internal/process/task_queues:105:5)
    at async Connection.command (/Users/namanjain/FreshMart/FreshmartBackend/node_modules/mongoose/node_modules/mongodb/lib/cmap/connection.js:347:26)
    at async Server.command (/Users/namanjain/FreshMart/FreshmartBackend/node_modules/mongoose/node_modules/mongodb/lib/sdam/server.js:208:29)
    at async executeOperationWithRetries (/Users/namanjain/FreshMart/FreshmartBackend/node_modules/mongoose/node_modules/mongodb/lib/operations/execute_operation.js:193:32)
    at async executeOperation (/Users/namanjain/FreshMart/FreshmartBackend/node_modules/mongoose/node_modules/mongodb/lib/operations/execute_operation.js:83:16)
    at async AggregationCursor._initialize (/Users/namanjain/FreshMart/FreshmartBackend/node_modules/mongoose/node_modules/mongodb/lib/cursor/aggregation_cursor.js:57:26)
    at async AggregationCursor.cursorInit (/Users/namanjain/FreshMart/FreshmartBackend/node_modules/mongoose/node_modules/mongodb/lib/cursor/abstract_cursor.js:620:27)
    at async AggregationCursor.fetchBatch (/Users/namanjain/FreshMart/FreshmartBackend/node_modules/mongoose/node_modules/mongodb/lib/cursor/abstract_cursor.js:654:13)
    at async AggregationCursor.next (/Users/namanjain/FreshMart/FreshmartBackend/node_modules/mongoose/node_modules/mongodb/lib/cursor/abstract_cursor.js:326:17)
2026-05-10 11:03:00 [[31merror[39m]: MongoServerError: unrecognized option to $unwind stage: preserveNullAndEmpty
    at Connection.sendCommand (/Users/namanjain/FreshMart/FreshmartBackend/node_modules/mongoose/node_modules/mongodb/lib/cmap/connection.js:320:27)
    at process.processTicksAndRejections (node:internal/process/task_queues:105:5)
    at async Connection.command (/Users/namanjain/FreshMart/FreshmartBackend/node_modules/mongoose/node_modules/mongodb/lib/cmap/connection.js:347:26)
    at async Server.command (/Users/namanjain/FreshMart/FreshmartBackend/node_modules/mongoose/node_modules/mongodb/lib/sdam/server.js:208:29)
    at async executeOperationWithRetries (/Users/namanjain/FreshMart/FreshmartBackend/node_modules/mongoose/node_modules/mongodb/lib/operations/execute_operation.js:193:32)
    at async executeOperation (/Users/namanjain/FreshMart/FreshmartBackend/node_modules/mongoose/node_modules/mongodb/lib/operations/execute_operation.js:83:16)
    at async AggregationCursor._initialize (/Users/namanjain/FreshMart/FreshmartBackend/node_modules/mongoose/node_modules/mongodb/lib/cursor/aggregation_cursor.js:57:26)
    at async AggregationCursor.cursorInit (/Users/namanjain/FreshMart/FreshmartBackend/node_modules/mongoose/node_modules/mongodb/lib/cursor/abstract_cursor.js:620:27)
    at async AggregationCursor.fetchBatch (/Users/namanjain/FreshMart/FreshmartBackend/node_modules/mongoose/node_modules/mongodb/lib/cursor/abstract_cursor.js:654:13)
    at async AggregationCursor.next (/Users/namanjain/FreshMart/FreshmartBackend/node_modules/mongoose/node_modules/mongodb/lib/cursor/abstract_cursor.js:326:17)
2026-05-10 11:03:02 [[31merror[39m]: MongoServerError: unrecognized option to $unwind stage: preserveNullAndEmpty
    at Connection.sendCommand (/Users/namanjain/FreshMart/FreshmartBackend/node_modules/mongoose/node_modules/mongodb/lib/cmap/connection.js:320:27)
    at process.processTicksAndRejections (node:internal/process/task_queues:105:5)
    at async Connection.command (/Users/namanjain/FreshMart/FreshmartBackend/node_modules/mongoose/node_modules/mongodb/lib/cmap/connection.js:347:26)
    at async Server.command (/Users/namanjain/FreshMart/FreshmartBackend/node_modules/mongoose/node_modules/mongodb/lib/sdam/server.js:208:29)
    at async executeOperationWithRetries (/Users/namanjain/FreshMart/FreshmartBackend/node_modules/mongoose/node_modules/mongodb/lib/operations/execute_operation.js:193:32)
    at async executeOperation (/Users/namanjain/FreshMart/FreshmartBackend/node_modules/mongoose/node_modules/mongodb/lib/operations/execute_operation.js:83:16)
    at async AggregationCursor._initialize (/Users/namanjain/FreshMart/FreshmartBackend/node_modules/mongoose/node_modules/mongodb/lib/cursor/aggregation_cursor.js:57:26)
    at async AggregationCursor.cursorInit (/Users/namanjain/FreshMart/FreshmartBackend/node_modules/mongoose/node_modules/mongodb/lib/cursor/abstract_cursor.js:620:27)
    at async AggregationCursor.fetchBatch (/Users/namanjain/FreshMart/FreshmartBackend/node_modules/mongoose/node_modules/mongodb/lib/cursor/abstract_cursor.js:654:13)
    at async AggregationCursor.next (/Users/namanjain/FreshMart/FreshmartBackend/node_modules/mongoose/node_modules/mongodb/lib/cursor/abstract_cursor.js:326:17)
2026-05-10 11:03:03 [[31merror[39m]: MongoServerError: unrecognized option to $unwind stage: preserveNullAndEmpty
    at Connection.sendCommand (/Users/namanjain/FreshMart/FreshmartBackend/node_modules/mongoose/node_modules/mongodb/lib/cmap/connection.js:320:27)
    at process.processTicksAndRejections (node:internal/process/task_queues:105:5)
    at async Connection.command (/Users/namanjain/FreshMart/FreshmartBackend/node_modules/mongoose/node_modules/mongodb/lib/cmap/connection.js:347:26)
    at async Server.command (/Users/namanjain/FreshMart/FreshmartBackend/node_modules/mongoose/node_modules/mongodb/lib/sdam/server.js:208:29)
    at async executeOperationWithRetries (/Users/namanjain/FreshMart/FreshmartBackend/node_modules/mongoose/node_modules/mongodb/lib/operations/execute_operation.js:193:32)
    at async executeOperation (/Users/namanjain/FreshMart/FreshmartBackend/node_modules/mongoose/node_modules/mongodb/lib/operations/execute_operation.js:83:16)
    at async AggregationCursor._initialize (/Users/namanjain/FreshMart/FreshmartBackend/node_modules/mongoose/node_modules/mongodb/lib/cursor/aggregation_cursor.js:57:26)
    at async AggregationCursor.cursorInit (/Users/namanjain/FreshMart/FreshmartBackend/node_modules/mongoose/node_modules/mongodb/lib/cursor/abstract_cursor.js:620:27)
    at async AggregationCursor.fetchBatch (/Users/namanjain/FreshMart/FreshmartBackend/node_modules/mongoose/node_modules/mongodb/lib/cursor/abstract_cursor.js:654:13)
    at async AggregationCursor.next (/Users/namanjain/FreshMart/FreshmartBackend/node_modules/mongoose/node_modules/mongodb/lib/cursor/abstract_cursor.js:326:17)
2026-05-10 11:03:03 [[31merror[39m]: CastError: Cast to ObjectId failed for value "history" (type string) at path "_id" for model "Vendor"
    at SchemaObjectId.cast (/Users/namanjain/FreshMart/FreshmartBackend/node_modules/mongoose/lib/schema/objectId.js:252:11)
    at SchemaType.applySetters (/Users/namanjain/FreshMart/FreshmartBackend/node_modules/mongoose/lib/schemaType.js:1372:12)
    at SchemaType.castForQuery (/Users/namanjain/FreshMart/FreshmartBackend/node_modules/mongoose/lib/schemaType.js:1798:17)
    at cast (/Users/namanjain/FreshMart/FreshmartBackend/node_modules/mongoose/lib/cast.js:386:32)
    at Query.cast (/Users/namanjain/FreshMart/FreshmartBackend/node_modules/mongoose/lib/query.js:5212:12)
    at Query._castConditions (/Users/namanjain/FreshMart/FreshmartBackend/node_modules/mongoose/lib/query.js:2409:10)
    at model.Query._findOne (/Users/namanjain/FreshMart/FreshmartBackend/node_modules/mongoose/lib/query.js:2756:8)
    at model.Query.exec (/Users/namanjain/FreshMart/FreshmartBackend/node_modules/mongoose/lib/query.js:4797:80)
    at process.processTicksAndRejections (node:internal/process/task_queues:105:5)
    at async Promise.all (index 0)
2026-05-10 11:03:05 [[31merror[39m]: CastError: Cast to ObjectId failed for value "history" (type string) at path "_id" for model "Vendor"
    at SchemaObjectId.cast (/Users/namanjain/FreshMart/FreshmartBackend/node_modules/mongoose/lib/schema/objectId.js:252:11)
    at SchemaType.applySetters (/Users/namanjain/FreshMart/FreshmartBackend/node_modules/mongoose/lib/schemaType.js:1372:12)
    at SchemaType.castForQuery (/Users/namanjain/FreshMart/FreshmartBackend/node_modules/mongoose/lib/schemaType.js:1798:17)
    at cast (/Users/namanjain/FreshMart/FreshmartBackend/node_modules/mongoose/lib/cast.js:386:32)
    at Query.cast (/Users/namanjain/FreshMart/FreshmartBackend/node_modules/mongoose/lib/query.js:5212:12)
    at Query._castConditions (/Users/namanjain/FreshMart/FreshmartBackend/node_modules/mongoose/lib/query.js:2409:10)
    at model.Query._findOne (/Users/namanjain/FreshMart/FreshmartBackend/node_modules/mongoose/lib/query.js:2756:8)
    at model.Query.exec (/Users/namanjain/FreshMart/FreshmartBackend/node_modules/mongoose/lib/query.js:4797:80)
    at process.processTicksAndRejections (node:internal/process/task_queues:105:5)
    at async Promise.all (index 0)
2026-05-10 11:03:07 [[31merror[39m]: CastError: Cast to ObjectId failed for value "history" (type string) at path "_id" for model "Vendor"
    at SchemaObjectId.cast (/Users/namanjain/FreshMart/FreshmartBackend/node_modules/mongoose/lib/schema/objectId.js:252:11)
    at SchemaType.applySetters (/Users/namanjain/FreshMart/FreshmartBackend/node_modules/mongoose/lib/schemaType.js:1372:12)
    at SchemaType.castForQuery (/Users/namanjain/FreshMart/FreshmartBackend/node_modules/mongoose/lib/schemaType.js:1798:17)
    at cast (/Users/namanjain/FreshMart/FreshmartBackend/node_modules/mongoose/lib/cast.js:386:32)
    at Query.cast (/Users/namanjain/FreshMart/FreshmartBackend/node_modules/mongoose/lib/query.js:5212:12)
    at Query._castConditions (/Users/namanjain/FreshMart/FreshmartBackend/node_modules/mongoose/lib/query.js:2409:10)
    at model.Query._findOne (/Users/namanjain/FreshMart/FreshmartBackend/node_modules/mongoose/lib/query.js:2756:8)
    at model.Query.exec (/Users/namanjain/FreshMart/FreshmartBackend/node_modules/mongoose/lib/query.js:4797:80)
    at process.processTicksAndRejections (node:internal/process/task_queues:105:5)
    at async Promise.all (index 0)
2026-05-10 11:03:09 [[31merror[39m]: CastError: Cast to ObjectId failed for value "history" (type string) at path "_id" for model "Vendor"
    at SchemaObjectId.cast (/Users/namanjain/FreshMart/FreshmartBackend/node_modules/mongoose/lib/schema/objectId.js:252:11)
    at SchemaType.applySetters (/Users/namanjain/FreshMart/FreshmartBackend/node_modules/mongoose/lib/schemaType.js:1372:12)
    at SchemaType.castForQuery (/Users/namanjain/FreshMart/FreshmartBackend/node_modules/mongoose/lib/schemaType.js:1798:17)
    at cast (/Users/namanjain/FreshMart/FreshmartBackend/node_modules/mongoose/lib/cast.js:386:32)
    at Query.cast (/Users/namanjain/FreshMart/FreshmartBackend/node_modules/mongoose/lib/query.js:5212:12)
    at Query._castConditions (/Users/namanjain/FreshMart/FreshmartBackend/node_modules/mongoose/lib/query.js:2409:10)
    at model.Query._findOne (/Users/namanjain/FreshMart/FreshmartBackend/node_modules/mongoose/lib/query.js:2756:8)
    at model.Query.exec (/Users/namanjain/FreshMart/FreshmartBackend/node_modules/mongoose/lib/query.js:4797:80)
    at process.processTicksAndRejections (node:internal/process/task_queues:105:5)
    at async Promise.all (index 0)
2026-05-10 11:03:46 [[31merror[39m]: CastError: Cast to ObjectId failed for value "history" (type string) at path "_id" for model "Vendor"
    at SchemaObjectId.cast (/Users/namanjain/FreshMart/FreshmartBackend/node_modules/mongoose/lib/schema/objectId.js:252:11)
    at SchemaType.applySetters (/Users/namanjain/FreshMart/FreshmartBackend/node_modules/mongoose/lib/schemaType.js:1372:12)
    at SchemaType.castForQuery (/Users/namanjain/FreshMart/FreshmartBackend/node_modules/mongoose/lib/schemaType.js:1798:17)
    at cast (/Users/namanjain/FreshMart/FreshmartBackend/node_modules/mongoose/lib/cast.js:386:32)
    at Query.cast (/Users/namanjain/FreshMart/FreshmartBackend/node_modules/mongoose/lib/query.js:5212:12)
    at Query._castConditions (/Users/namanjain/FreshMart/FreshmartBackend/node_modules/mongoose/lib/query.js:2409:10)
    at model.Query._findOne (/Users/namanjain/FreshMart/FreshmartBackend/node_modules/mongoose/lib/query.js:2756:8)
    at model.Query.exec (/Users/namanjain/FreshMart/FreshmartBackend/node_modules/mongoose/lib/query.js:4797:80)
    at process.processTicksAndRejections (node:internal/process/task_queues:105:5)
    at async Promise.all (index 0)
2026-05-10 11:03:48 [[31merror[39m]: CastError: Cast to ObjectId failed for value "history" (type string) at path "_id" for model "Vendor"
    at SchemaObjectId.cast (/Users/namanjain/FreshMart/FreshmartBackend/node_modules/mongoose/lib/schema/objectId.js:252:11)
    at SchemaType.applySetters (/Users/namanjain/FreshMart/FreshmartBackend/node_modules/mongoose/lib/schemaType.js:1372:12)
    at SchemaType.castForQuery (/Users/namanjain/FreshMart/FreshmartBackend/node_modules/mongoose/lib/schemaType.js:1798:17)
    at cast (/Users/namanjain/FreshMart/FreshmartBackend/node_modules/mongoose/lib/cast.js:386:32)
    at Query.cast (/Users/namanjain/FreshMart/FreshmartBackend/node_modules/mongoose/lib/query.js:5212:12)
    at Query._castConditions (/Users/namanjain/FreshMart/FreshmartBackend/node_modules/mongoose/lib/query.js:2409:10)
    at model.Query._findOne (/Users/namanjain/FreshMart/FreshmartBackend/node_modules/mongoose/lib/query.js:2756:8)
    at model.Query.exec (/Users/namanjain/FreshMart/FreshmartBackend/node_modules/mongoose/lib/query.js:4797:80)
    at process.processTicksAndRejections (node:internal/process/task_queues:105:5)
    at async Promise.all (index 0)
2026-05-10 11:06:01 [[31merror[39m]: CastError: Cast to ObjectId failed for value "history" (type string) at path "_id" for model "Vendor"
    at SchemaObjectId.cast (/Users/namanjain/FreshMart/FreshmartBackend/node_modules/mongoose/lib/schema/objectId.js:252:11)
    at SchemaType.applySetters (/Users/namanjain/FreshMart/FreshmartBackend/node_modules/mongoose/lib/schemaType.js:1372:12)
    at SchemaType.castForQuery (/Users/namanjain/FreshMart/FreshmartBackend/node_modules/mongoose/lib/schemaType.js:1798:17)
    at cast (/Users/namanjain/FreshMart/FreshmartBackend/node_modules/mongoose/lib/cast.js:386:32)
    at Query.cast (/Users/namanjain/FreshMart/FreshmartBackend/node_modules/mongoose/lib/query.js:5212:12)
    at Query._castConditions (/Users/namanjain/FreshMart/FreshmartBackend/node_modules/mongoose/lib/query.js:2409:10)
    at model.Query._findOne (/Users/namanjain/FreshMart/FreshmartBackend/node_modules/mongoose/lib/query.js:2756:8)
    at model.Query.exec (/Users/namanjain/FreshMart/FreshmartBackend/node_modules/mongoose/lib/query.js:4797:80)
    at process.processTicksAndRejections (node:internal/process/task_queues:105:5)
    at async Promise.all (index 0)
2026-05-10 11:06:02 [[31merror[39m]: CastError: Cast to ObjectId failed for value "history" (type string) at path "_id" for model "Vendor"
    at SchemaObjectId.cast (/Users/namanjain/FreshMart/FreshmartBackend/node_modules/mongoose/lib/schema/objectId.js:252:11)
    at SchemaType.applySetters (/Users/namanjain/FreshMart/FreshmartBackend/node_modules/mongoose/lib/schemaType.js:1372:12)
    at SchemaType.castForQuery (/Users/namanjain/FreshMart/FreshmartBackend/node_modules/mongoose/lib/schemaType.js:1798:17)
    at cast (/Users/namanjain/FreshMart/FreshmartBackend/node_modules/mongoose/lib/cast.js:386:32)
    at Query.cast (/Users/namanjain/FreshMart/FreshmartBackend/node_modules/mongoose/lib/query.js:5212:12)
    at Query._castConditions (/Users/namanjain/FreshMart/FreshmartBackend/node_modules/mongoose/lib/query.js:2409:10)
    at model.Query._findOne (/Users/namanjain/FreshMart/FreshmartBackend/node_modules/mongoose/lib/query.js:2756:8)
    at model.Query.exec (/Users/namanjain/FreshMart/FreshmartBackend/node_modules/mongoose/lib/query.js:4797:80)
    at process.processTicksAndRejections (node:internal/process/task_queues:105:5)
    at async Promise.all (index 0)
2026-05-10 11:48:58 [[31merror[39m]: MongoServerSelectionError: getaddrinfo ENOTFOUND landacers-shard-00-00.jy24n.mongodb.net
    at Topology.selectServer (/Users/namanjain/FreshMart/FreshmartBackend/node_modules/mongoose/node_modules/mongodb/lib/sdam/topology.js:348:38)
    at async executeOperationWithRetries (/Users/namanjain/FreshMart/FreshmartBackend/node_modules/mongoose/node_modules/mongodb/lib/operations/execute_operation.js:260:22)
    at async executeOperation (/Users/namanjain/FreshMart/FreshmartBackend/node_modules/mongoose/node_modules/mongodb/lib/operations/execute_operation.js:83:16)
    at async FindCursor._initialize (/Users/namanjain/FreshMart/FreshmartBackend/node_modules/mongoose/node_modules/mongodb/lib/cursor/find_cursor.js:62:26)
    at async FindCursor.cursorInit (/Users/namanjain/FreshMart/FreshmartBackend/node_modules/mongoose/node_modules/mongodb/lib/cursor/abstract_cursor.js:620:27)
    at async FindCursor.fetchBatch (/Users/namanjain/FreshMart/FreshmartBackend/node_modules/mongoose/node_modules/mongodb/lib/cursor/abstract_cursor.js:654:13)
    at async FindCursor.next (/Users/namanjain/FreshMart/FreshmartBackend/node_modules/mongoose/node_modules/mongodb/lib/cursor/abstract_cursor.js:326:17)
    at async [Symbol.asyncIterator] (/Users/namanjain/FreshMart/FreshmartBackend/node_modules/mongoose/node_modules/mongodb/lib/cursor/abstract_cursor.js:254:34)
    at async FindCursor.toArray (/Users/namanjain/FreshMart/FreshmartBackend/node_modules/mongoose/node_modules/mongodb/lib/cursor/abstract_cursor.js:406:26)
    at async model.Query._find (/Users/namanjain/FreshMart/FreshmartBackend/node_modules/mongoose/lib/query.js:2473:14)
2026-05-12 07:45:36 [[31merror[39m]: MongoServerSelectionError: getaddrinfo ENOTFOUND landacers-shard-00-00.jy24n.mongodb.net
    at Topology.selectServer (/Users/namanjain/FreshMart/FreshmartBackend/node_modules/mongoose/node_modules/mongodb/lib/sdam/topology.js:348:38)
    at async executeOperationWithRetries (/Users/namanjain/FreshMart/FreshmartBackend/node_modules/mongoose/node_modules/mongodb/lib/operations/execute_operation.js:260:22)
    at async executeOperation (/Users/namanjain/FreshMart/FreshmartBackend/node_modules/mongoose/node_modules/mongodb/lib/operations/execute_operation.js:83:16)
    at async FindCursor._initialize (/Users/namanjain/FreshMart/FreshmartBackend/node_modules/mongoose/node_modules/mongodb/lib/cursor/find_cursor.js:62:26)
    at async FindCursor.cursorInit (/Users/namanjain/FreshMart/FreshmartBackend/node_modules/mongoose/node_modules/mongodb/lib/cursor/abstract_cursor.js:620:27)
    at async FindCursor.fetchBatch (/Users/namanjain/FreshMart/FreshmartBackend/node_modules/mongoose/node_modules/mongodb/lib/cursor/abstract_cursor.js:654:13)
    at async FindCursor.next (/Users/namanjain/FreshMart/FreshmartBackend/node_modules/mongoose/node_modules/mongodb/lib/cursor/abstract_cursor.js:326:17)
    at async [Symbol.asyncIterator] (/Users/namanjain/FreshMart/FreshmartBackend/node_modules/mongoose/node_modules/mongodb/lib/cursor/abstract_cursor.js:254:34)
    at async FindCursor.toArray (/Users/namanjain/FreshMart/FreshmartBackend/node_modules/mongoose/node_modules/mongodb/lib/cursor/abstract_cursor.js:406:26)
    at async model.Query._find (/Users/namanjain/FreshMart/FreshmartBackend/node_modules/mongoose/lib/query.js:2473:14)
2026-05-12 07:45:37 [[31merror[39m]: MongoServerSelectionError: getaddrinfo ENOTFOUND landacers-shard-00-00.jy24n.mongodb.net
    at Topology.selectServer (/Users/namanjain/FreshMart/FreshmartBackend/node_modules/mongoose/node_modules/mongodb/lib/sdam/topology.js:348:38)
    at async executeOperationWithRetries (/Users/namanjain/FreshMart/FreshmartBackend/node_modules/mongoose/node_modules/mongodb/lib/operations/execute_operation.js:157:18)
    at async executeOperation (/Users/namanjain/FreshMart/FreshmartBackend/node_modules/mongoose/node_modules/mongodb/lib/operations/execute_operation.js:83:16)
    at async FindCursor._initialize (/Users/namanjain/FreshMart/FreshmartBackend/node_modules/mongoose/node_modules/mongodb/lib/cursor/find_cursor.js:62:26)
    at async FindCursor.cursorInit (/Users/namanjain/FreshMart/FreshmartBackend/node_modules/mongoose/node_modules/mongodb/lib/cursor/abstract_cursor.js:620:27)
    at async FindCursor.fetchBatch (/Users/namanjain/FreshMart/FreshmartBackend/node_modules/mongoose/node_modules/mongodb/lib/cursor/abstract_cursor.js:654:13)
    at async FindCursor.next (/Users/namanjain/FreshMart/FreshmartBackend/node_modules/mongoose/node_modules/mongodb/lib/cursor/abstract_cursor.js:326:17)
    at async [Symbol.asyncIterator] (/Users/namanjain/FreshMart/FreshmartBackend/node_modules/mongoose/node_modules/mongodb/lib/cursor/abstract_cursor.js:254:34)
    at async FindCursor.toArray (/Users/namanjain/FreshMart/FreshmartBackend/node_modules/mongoose/node_modules/mongodb/lib/cursor/abstract_cursor.js:406:26)
    at async model.Query._find (/Users/namanjain/FreshMart/FreshmartBackend/node_modules/mongoose/lib/query.js:2473:14)
2026-05-12 07:45:52 [[31merror[39m]: MongoServerSelectionError: getaddrinfo ENOTFOUND landacers-shard-00-00.jy24n.mongodb.net
    at Topology.selectServer (/Users/namanjain/FreshMart/FreshmartBackend/node_modules/mongoose/node_modules/mongodb/lib/sdam/topology.js:348:38)
    at async executeOperationWithRetries (/Users/namanjain/FreshMart/FreshmartBackend/node_modules/mongoose/node_modules/mongodb/lib/operations/execute_operation.js:157:18)
    at async executeOperation (/Users/namanjain/FreshMart/FreshmartBackend/node_modules/mongoose/node_modules/mongodb/lib/operations/execute_operation.js:83:16)
    at async FindCursor._initialize (/Users/namanjain/FreshMart/FreshmartBackend/node_modules/mongoose/node_modules/mongodb/lib/cursor/find_cursor.js:62:26)
    at async FindCursor.cursorInit (/Users/namanjain/FreshMart/FreshmartBackend/node_modules/mongoose/node_modules/mongodb/lib/cursor/abstract_cursor.js:620:27)
    at async FindCursor.fetchBatch (/Users/namanjain/FreshMart/FreshmartBackend/node_modules/mongoose/node_modules/mongodb/lib/cursor/abstract_cursor.js:654:13)
    at async FindCursor.next (/Users/namanjain/FreshMart/FreshmartBackend/node_modules/mongoose/node_modules/mongodb/lib/cursor/abstract_cursor.js:326:17)
    at async [Symbol.asyncIterator] (/Users/namanjain/FreshMart/FreshmartBackend/node_modules/mongoose/node_modules/mongodb/lib/cursor/abstract_cursor.js:254:34)
    at async FindCursor.toArray (/Users/namanjain/FreshMart/FreshmartBackend/node_modules/mongoose/node_modules/mongodb/lib/cursor/abstract_cursor.js:406:26)
    at async model.Query._find (/Users/namanjain/FreshMart/FreshmartBackend/node_modules/mongoose/lib/query.js:2473:14)
2026-05-12 07:46:06 [[31merror[39m]: MongoServerSelectionError: getaddrinfo ENOTFOUND landacers-shard-00-00.jy24n.mongodb.net
    at Topology.selectServer (/Users/namanjain/FreshMart/FreshmartBackend/node_modules/mongoose/node_modules/mongodb/lib/sdam/topology.js:348:38)
    at async executeOperationWithRetries (/Users/namanjain/FreshMart/FreshmartBackend/node_modules/mongoose/node_modules/mongodb/lib/operations/execute_operation.js:260:22)
    at async executeOperation (/Users/namanjain/FreshMart/FreshmartBackend/node_modules/mongoose/node_modules/mongodb/lib/operations/execute_operation.js:83:16)
    at async FindCursor._initialize (/Users/namanjain/FreshMart/FreshmartBackend/node_modules/mongoose/node_modules/mongodb/lib/cursor/find_cursor.js:62:26)
    at async FindCursor.cursorInit (/Users/namanjain/FreshMart/FreshmartBackend/node_modules/mongoose/node_modules/mongodb/lib/cursor/abstract_cursor.js:620:27)
    at async FindCursor.fetchBatch (/Users/namanjain/FreshMart/FreshmartBackend/node_modules/mongoose/node_modules/mongodb/lib/cursor/abstract_cursor.js:654:13)
    at async FindCursor.next (/Users/namanjain/FreshMart/FreshmartBackend/node_modules/mongoose/node_modules/mongodb/lib/cursor/abstract_cursor.js:326:17)
    at async [Symbol.asyncIterator] (/Users/namanjain/FreshMart/FreshmartBackend/node_modules/mongoose/node_modules/mongodb/lib/cursor/abstract_cursor.js:254:34)
    at async FindCursor.toArray (/Users/namanjain/FreshMart/FreshmartBackend/node_modules/mongoose/node_modules/mongodb/lib/cursor/abstract_cursor.js:406:26)
    at async model.Query._find (/Users/namanjain/FreshMart/FreshmartBackend/node_modules/mongoose/lib/query.js:2473:14)
2026-05-12 07:46:07 [[31merror[39m]: MongoServerSelectionError: getaddrinfo ENOTFOUND landacers-shard-00-00.jy24n.mongodb.net
    at Topology.selectServer (/Users/namanjain/FreshMart/FreshmartBackend/node_modules/mongoose/node_modules/mongodb/lib/sdam/topology.js:348:38)
    at async executeOperationWithRetries (/Users/namanjain/FreshMart/FreshmartBackend/node_modules/mongoose/node_modules/mongodb/lib/operations/execute_operation.js:157:18)
    at async executeOperation (/Users/namanjain/FreshMart/FreshmartBackend/node_modules/mongoose/node_modules/mongodb/lib/operations/execute_operation.js:83:16)
    at async FindCursor._initialize (/Users/namanjain/FreshMart/FreshmartBackend/node_modules/mongoose/node_modules/mongodb/lib/cursor/find_cursor.js:62:26)
    at async FindCursor.cursorInit (/Users/namanjain/FreshMart/FreshmartBackend/node_modules/mongoose/node_modules/mongodb/lib/cursor/abstract_cursor.js:620:27)
    at async FindCursor.fetchBatch (/Users/namanjain/FreshMart/FreshmartBackend/node_modules/mongoose/node_modules/mongodb/lib/cursor/abstract_cursor.js:654:13)
    at async FindCursor.next (/Users/namanjain/FreshMart/FreshmartBackend/node_modules/mongoose/node_modules/mongodb/lib/cursor/abstract_cursor.js:326:17)
    at async [Symbol.asyncIterator] (/Users/namanjain/FreshMart/FreshmartBackend/node_modules/mongoose/node_modules/mongodb/lib/cursor/abstract_cursor.js:254:34)
    at async FindCursor.toArray (/Users/namanjain/FreshMart/FreshmartBackend/node_modules/mongoose/node_modules/mongodb/lib/cursor/abstract_cursor.js:406:26)
    at async model.Query._find (/Users/namanjain/FreshMart/FreshmartBackend/node_modules/mongoose/lib/query.js:2473:14)
2026-05-12 07:46:22 [[31merror[39m]: MongoServerSelectionError: getaddrinfo ENOTFOUND landacers-shard-00-00.jy24n.mongodb.net
    at Topology.selectServer (/Users/namanjain/FreshMart/FreshmartBackend/node_modules/mongoose/node_modules/mongodb/lib/sdam/topology.js:348:38)
    at async executeOperationWithRetries (/Users/namanjain/FreshMart/FreshmartBackend/node_modules/mongoose/node_modules/mongodb/lib/operations/execute_operation.js:157:18)
    at async executeOperation (/Users/namanjain/FreshMart/FreshmartBackend/node_modules/mongoose/node_modules/mongodb/lib/operations/execute_operation.js:83:16)
    at async FindCursor._initialize (/Users/namanjain/FreshMart/FreshmartBackend/node_modules/mongoose/node_modules/mongodb/lib/cursor/find_cursor.js:62:26)
    at async FindCursor.cursorInit (/Users/namanjain/FreshMart/FreshmartBackend/node_modules/mongoose/node_modules/mongodb/lib/cursor/abstract_cursor.js:620:27)
    at async FindCursor.fetchBatch (/Users/namanjain/FreshMart/FreshmartBackend/node_modules/mongoose/node_modules/mongodb/lib/cursor/abstract_cursor.js:654:13)
    at async FindCursor.next (/Users/namanjain/FreshMart/FreshmartBackend/node_modules/mongoose/node_modules/mongodb/lib/cursor/abstract_cursor.js:326:17)
    at async [Symbol.asyncIterator] (/Users/namanjain/FreshMart/FreshmartBackend/node_modules/mongoose/node_modules/mongodb/lib/cursor/abstract_cursor.js:254:34)
    at async FindCursor.toArray (/Users/namanjain/FreshMart/FreshmartBackend/node_modules/mongoose/node_modules/mongodb/lib/cursor/abstract_cursor.js:406:26)
    at async model.Query._find (/Users/namanjain/FreshMart/FreshmartBackend/node_modules/mongoose/lib/query.js:2473:14)
2026-05-12 07:46:37 [[31merror[39m]: MongoServerSelectionError: getaddrinfo ENOTFOUND landacers-shard-00-00.jy24n.mongodb.net
    at Topology.selectServer (/Users/namanjain/FreshMart/FreshmartBackend/node_modules/mongoose/node_modules/mongodb/lib/sdam/topology.js:348:38)
    at async executeOperationWithRetries (/Users/namanjain/FreshMart/FreshmartBackend/node_modules/mongoose/node_modules/mongodb/lib/operations/execute_operation.js:157:18)
    at async executeOperation (/Users/namanjain/FreshMart/FreshmartBackend/node_modules/mongoose/node_modules/mongodb/lib/operations/execute_operation.js:83:16)
    at async FindCursor._initialize (/Users/namanjain/FreshMart/FreshmartBackend/node_modules/mongoose/node_modules/mongodb/lib/cursor/find_cursor.js:62:26)
    at async FindCursor.cursorInit (/Users/namanjain/FreshMart/FreshmartBackend/node_modules/mongoose/node_modules/mongodb/lib/cursor/abstract_cursor.js:620:27)
    at async FindCursor.fetchBatch (/Users/namanjain/FreshMart/FreshmartBackend/node_modules/mongoose/node_modules/mongodb/lib/cursor/abstract_cursor.js:654:13)
    at async FindCursor.next (/Users/namanjain/FreshMart/FreshmartBackend/node_modules/mongoose/node_modules/mongodb/lib/cursor/abstract_cursor.js:326:17)
    at async [Symbol.asyncIterator] (/Users/namanjain/FreshMart/FreshmartBackend/node_modules/mongoose/node_modules/mongodb/lib/cursor/abstract_cursor.js:254:34)
    at async FindCursor.toArray (/Users/namanjain/FreshMart/FreshmartBackend/node_modules/mongoose/node_modules/mongodb/lib/cursor/abstract_cursor.js:406:26)
    at async model.Query._find (/Users/namanjain/FreshMart/FreshmartBackend/node_modules/mongoose/lib/query.js:2473:14)
2026-05-12 07:46:52 [[31merror[39m]: MongoServerSelectionError: getaddrinfo ENOTFOUND landacers-shard-00-00.jy24n.mongodb.net
    at Topology.selectServer (/Users/namanjain/FreshMart/FreshmartBackend/node_modules/mongoose/node_modules/mongodb/lib/sdam/topology.js:348:38)
    at async executeOperationWithRetries (/Users/namanjain/FreshMart/FreshmartBackend/node_modules/mongoose/node_modules/mongodb/lib/operations/execute_operation.js:157:18)
    at async executeOperation (/Users/namanjain/FreshMart/FreshmartBackend/node_modules/mongoose/node_modules/mongodb/lib/operations/execute_operation.js:83:16)
    at async FindCursor._initialize (/Users/namanjain/FreshMart/FreshmartBackend/node_modules/mongoose/node_modules/mongodb/lib/cursor/find_cursor.js:62:26)
    at async FindCursor.cursorInit (/Users/namanjain/FreshMart/FreshmartBackend/node_modules/mongoose/node_modules/mongodb/lib/cursor/abstract_cursor.js:620:27)
    at async FindCursor.fetchBatch (/Users/namanjain/FreshMart/FreshmartBackend/node_modules/mongoose/node_modules/mongodb/lib/cursor/abstract_cursor.js:654:13)
    at async FindCursor.next (/Users/namanjain/FreshMart/FreshmartBackend/node_modules/mongoose/node_modules/mongodb/lib/cursor/abstract_cursor.js:326:17)
    at async [Symbol.asyncIterator] (/Users/namanjain/FreshMart/FreshmartBackend/node_modules/mongoose/node_modules/mongodb/lib/cursor/abstract_cursor.js:254:34)
    at async FindCursor.toArray (/Users/namanjain/FreshMart/FreshmartBackend/node_modules/mongoose/node_modules/mongodb/lib/cursor/abstract_cursor.js:406:26)
    at async model.Query._find (/Users/namanjain/FreshMart/FreshmartBackend/node_modules/mongoose/lib/query.js:2473:14)
2026-05-12 07:47:07 [[31merror[39m]: MongoServerSelectionError: getaddrinfo ENOTFOUND landacers-shard-00-00.jy24n.mongodb.net
    at Topology.selectServer (/Users/namanjain/FreshMart/FreshmartBackend/node_modules/mongoose/node_modules/mongodb/lib/sdam/topology.js:348:38)
    at async executeOperationWithRetries (/Users/namanjain/FreshMart/FreshmartBackend/node_modules/mongoose/node_modules/mongodb/lib/operations/execute_operation.js:157:18)
    at async executeOperation (/Users/namanjain/FreshMart/FreshmartBackend/node_modules/mongoose/node_modules/mongodb/lib/operations/execute_operation.js:83:16)
    at async FindCursor._initialize (/Users/namanjain/FreshMart/FreshmartBackend/node_modules/mongoose/node_modules/mongodb/lib/cursor/find_cursor.js:62:26)
    at async FindCursor.cursorInit (/Users/namanjain/FreshMart/FreshmartBackend/node_modules/mongoose/node_modules/mongodb/lib/cursor/abstract_cursor.js:620:27)
    at async FindCursor.fetchBatch (/Users/namanjain/FreshMart/FreshmartBackend/node_modules/mongoose/node_modules/mongodb/lib/cursor/abstract_cursor.js:654:13)
    at async FindCursor.next (/Users/namanjain/FreshMart/FreshmartBackend/node_modules/mongoose/node_modules/mongodb/lib/cursor/abstract_cursor.js:326:17)
    at async [Symbol.asyncIterator] (/Users/namanjain/FreshMart/FreshmartBackend/node_modules/mongoose/node_modules/mongodb/lib/cursor/abstract_cursor.js:254:34)
    at async FindCursor.toArray (/Users/namanjain/FreshMart/FreshmartBackend/node_modules/mongoose/node_modules/mongodb/lib/cursor/abstract_cursor.js:406:26)
    at async model.Query._find (/Users/namanjain/FreshMart/FreshmartBackend/node_modules/mongoose/lib/query.js:2473:14)
2026-05-12 07:47:14 [[31merror[39m]: MongoServerSelectionError: getaddrinfo ENOTFOUND landacers-shard-00-00.jy24n.mongodb.net
    at Topology.selectServer (/Users/namanjain/FreshMart/FreshmartBackend/node_modules/mongoose/node_modules/mongodb/lib/sdam/topology.js:348:38)
    at runNextTicks (node:internal/process/task_queues:65:5)
    at listOnTimeout (node:internal/timers:555:9)
    at process.processTimers (node:internal/timers:529:7)
    at async executeOperationWithRetries (/Users/namanjain/FreshMart/FreshmartBackend/node_modules/mongoose/node_modules/mongodb/lib/operations/execute_operation.js:157:18)
    at async executeOperation (/Users/namanjain/FreshMart/FreshmartBackend/node_modules/mongoose/node_modules/mongodb/lib/operations/execute_operation.js:83:16)
    at async AggregationCursor._initialize (/Users/namanjain/FreshMart/FreshmartBackend/node_modules/mongoose/node_modules/mongodb/lib/cursor/aggregation_cursor.js:57:26)
    at async AggregationCursor.cursorInit (/Users/namanjain/FreshMart/FreshmartBackend/node_modules/mongoose/node_modules/mongodb/lib/cursor/abstract_cursor.js:620:27)
    at async AggregationCursor.fetchBatch (/Users/namanjain/FreshMart/FreshmartBackend/node_modules/mongoose/node_modules/mongodb/lib/cursor/abstract_cursor.js:654:13)
    at async AggregationCursor.next (/Users/namanjain/FreshMart/FreshmartBackend/node_modules/mongoose/node_modules/mongodb/lib/cursor/abstract_cursor.js:326:17)
2026-05-12 07:47:20 [[31merror[39m]: MongoServerSelectionError: getaddrinfo ENOTFOUND landacers-shard-00-00.jy24n.mongodb.net
    at Topology.selectServer (/Users/namanjain/FreshMart/FreshmartBackend/node_modules/mongoose/node_modules/mongodb/lib/sdam/topology.js:348:38)
    at runNextTicks (node:internal/process/task_queues:65:5)
    at listOnTimeout (node:internal/timers:555:9)
    at process.processTimers (node:internal/timers:529:7)
    at async executeOperationWithRetries (/Users/namanjain/FreshMart/FreshmartBackend/node_modules/mongoose/node_modules/mongodb/lib/operations/execute_operation.js:157:18)
    at async executeOperation (/Users/namanjain/FreshMart/FreshmartBackend/node_modules/mongoose/node_modules/mongodb/lib/operations/execute_operation.js:83:16)
    at async AggregationCursor._initialize (/Users/namanjain/FreshMart/FreshmartBackend/node_modules/mongoose/node_modules/mongodb/lib/cursor/aggregation_cursor.js:57:26)
    at async AggregationCursor.cursorInit (/Users/namanjain/FreshMart/FreshmartBackend/node_modules/mongoose/node_modules/mongodb/lib/cursor/abstract_cursor.js:620:27)
    at async AggregationCursor.fetchBatch (/Users/namanjain/FreshMart/FreshmartBackend/node_modules/mongoose/node_modules/mongodb/lib/cursor/abstract_cursor.js:654:13)
    at async AggregationCursor.next (/Users/namanjain/FreshMart/FreshmartBackend/node_modules/mongoose/node_modules/mongodb/lib/cursor/abstract_cursor.js:326:17)
2026-05-12 07:47:22 [[31merror[39m]: MongoServerSelectionError: getaddrinfo ENOTFOUND landacers-shard-00-00.jy24n.mongodb.net
    at Topology.selectServer (/Users/namanjain/FreshMart/FreshmartBackend/node_modules/mongoose/node_modules/mongodb/lib/sdam/topology.js:348:38)
    at async executeOperationWithRetries (/Users/namanjain/FreshMart/FreshmartBackend/node_modules/mongoose/node_modules/mongodb/lib/operations/execute_operation.js:157:18)
    at async executeOperation (/Users/namanjain/FreshMart/FreshmartBackend/node_modules/mongoose/node_modules/mongodb/lib/operations/execute_operation.js:83:16)
    at async FindCursor._initialize (/Users/namanjain/FreshMart/FreshmartBackend/node_modules/mongoose/node_modules/mongodb/lib/cursor/find_cursor.js:62:26)
    at async FindCursor.cursorInit (/Users/namanjain/FreshMart/FreshmartBackend/node_modules/mongoose/node_modules/mongodb/lib/cursor/abstract_cursor.js:620:27)
    at async FindCursor.fetchBatch (/Users/namanjain/FreshMart/FreshmartBackend/node_modules/mongoose/node_modules/mongodb/lib/cursor/abstract_cursor.js:654:13)
    at async FindCursor.next (/Users/namanjain/FreshMart/FreshmartBackend/node_modules/mongoose/node_modules/mongodb/lib/cursor/abstract_cursor.js:326:17)
    at async [Symbol.asyncIterator] (/Users/namanjain/FreshMart/FreshmartBackend/node_modules/mongoose/node_modules/mongodb/lib/cursor/abstract_cursor.js:254:34)
    at async FindCursor.toArray (/Users/namanjain/FreshMart/FreshmartBackend/node_modules/mongoose/node_modules/mongodb/lib/cursor/abstract_cursor.js:406:26)
    at async model.Query._find (/Users/namanjain/FreshMart/FreshmartBackend/node_modules/mongoose/lib/query.js:2473:14)
2026-05-12 07:47:37 [[31merror[39m]: MongoServerSelectionError: getaddrinfo ENOTFOUND landacers-shard-00-00.jy24n.mongodb.net
    at Topology.selectServer (/Users/namanjain/FreshMart/FreshmartBackend/node_modules/mongoose/node_modules/mongodb/lib/sdam/topology.js:348:38)
    at async executeOperationWithRetries (/Users/namanjain/FreshMart/FreshmartBackend/node_modules/mongoose/node_modules/mongodb/lib/operations/execute_operation.js:157:18)
    at async executeOperation (/Users/namanjain/FreshMart/FreshmartBackend/node_modules/mongoose/node_modules/mongodb/lib/operations/execute_operation.js:83:16)
    at async FindCursor._initialize (/Users/namanjain/FreshMart/FreshmartBackend/node_modules/mongoose/node_modules/mongodb/lib/cursor/find_cursor.js:62:26)
    at async FindCursor.cursorInit (/Users/namanjain/FreshMart/FreshmartBackend/node_modules/mongoose/node_modules/mongodb/lib/cursor/abstract_cursor.js:620:27)
    at async FindCursor.fetchBatch (/Users/namanjain/FreshMart/FreshmartBackend/node_modules/mongoose/node_modules/mongodb/lib/cursor/abstract_cursor.js:654:13)
    at async FindCursor.next (/Users/namanjain/FreshMart/FreshmartBackend/node_modules/mongoose/node_modules/mongodb/lib/cursor/abstract_cursor.js:326:17)
    at async [Symbol.asyncIterator] (/Users/namanjain/FreshMart/FreshmartBackend/node_modules/mongoose/node_modules/mongodb/lib/cursor/abstract_cursor.js:254:34)
    at async FindCursor.toArray (/Users/namanjain/FreshMart/FreshmartBackend/node_modules/mongoose/node_modules/mongodb/lib/cursor/abstract_cursor.js:406:26)
    at async model.Query._find (/Users/namanjain/FreshMart/FreshmartBackend/node_modules/mongoose/lib/query.js:2473:14)
2026-05-12 07:48:53 [[31merror[39m]: Error: querySrv ECONNREFUSED _mongodb._tcp.landacers.jy24n.mongodb.net
    at QueryReqWrap.onresolve [as oncomplete] (node:internal/dns/promises:293:17)
2026-05-12 07:48:53 [[31merror[39m]: Error: querySrv ECONNREFUSED _mongodb._tcp.landacers.jy24n.mongodb.net
    at QueryReqWrap.onresolve [as oncomplete] (node:internal/dns/promises:293:17)
2026-05-12 07:48:54 [[31merror[39m]: Error: querySrv ECONNREFUSED _mongodb._tcp.landacers.jy24n.mongodb.net
    at QueryReqWrap.onresolve [as oncomplete] (node:internal/dns/promises:293:17)
2026-05-12 08:49:37 [[31merror[39m]: Error: Connection timeout
    at TLSSocket.onTimeout (/Users/namanjain/FreshMart/FreshmartBackend/node_modules/@redis/client/dist/lib/client/socket.js:225:46)
    at Object.onceWrapper (node:events:638:28)
    at TLSSocket.emit (node:events:524:28)
    at Socket._onTimeout (node:net:609:8)
    at listOnTimeout (node:internal/timers:594:17)
    at process.processTimers (node:internal/timers:529:7)
2026-05-12 08:49:33 [[31merror[39m]: Error: Connection timeout
    at TLSSocket.onTimeout (/Users/namanjain/FreshMart/FreshmartBackend/node_modules/@redis/client/dist/lib/client/socket.js:225:46)
    at Object.onceWrapper (node:events:638:28)
    at TLSSocket.emit (node:events:524:28)
    at Socket._onTimeout (node:net:609:8)
    at listOnTimeout (node:internal/timers:594:17)
    at process.processTimers (node:internal/timers:529:7)
2026-05-12 08:50:54 [[31merror[39m]: MongooseServerSelectionError: Could not connect to any servers in your MongoDB Atlas cluster. One common reason is that you're trying to access the database from an IP that isn't whitelisted. Make sure your current IP address is on your Atlas cluster's IP whitelist: https://www.mongodb.com/docs/atlas/security-whitelist/
    at _handleConnectionErrors (/Users/namanjain/FreshMart/FreshmartBackend/node_modules/mongoose/lib/connection.js:1180:11)
    at NativeConnection.openUri (/Users/namanjain/FreshMart/FreshmartBackend/node_modules/mongoose/lib/connection.js:1111:11)
    at async connectDB (/Users/namanjain/FreshMart/FreshmartBackend/shared/db/mongoose.js:11:5)
2026-05-12 08:50:55 [[31merror[39m]: MongooseServerSelectionError: Could not connect to any servers in your MongoDB Atlas cluster. One common reason is that you're trying to access the database from an IP that isn't whitelisted. Make sure your current IP address is on your Atlas cluster's IP whitelist: https://www.mongodb.com/docs/atlas/security-whitelist/
    at _handleConnectionErrors (/Users/namanjain/FreshMart/FreshmartBackend/node_modules/mongoose/lib/connection.js:1180:11)
    at NativeConnection.openUri (/Users/namanjain/FreshMart/FreshmartBackend/node_modules/mongoose/lib/connection.js:1111:11)
    at async connectDB (/Users/namanjain/FreshMart/FreshmartBackend/shared/db/mongoose.js:11:5)
2026-05-12 08:52:30 [[31merror[39m]: Error: write EPIPE
    at afterWriteDispatched (node:internal/stream_base_commons:159:15)
    at writeGeneric (node:internal/stream_base_commons:150:3)
    at Socket._writeGeneric (node:net:971:11)
    at Socket._write (node:net:983:8)
    at writeOrBuffer (node:internal/streams/writable:572:12)
    at _write (node:internal/streams/writable:501:10)
    at Writable.write (node:internal/streams/writable:510:10)
    at Console.log (/Users/namanjain/FreshMart/FreshmartBackend/node_modules/winston/lib/winston/transports/console.js:87:23)
    at Console._write (/Users/namanjain/FreshMart/FreshmartBackend/node_modules/winston-transport/modern.js:82:19)
    at doWrite (/Users/namanjain/FreshMart/FreshmartBackend/node_modules/readable-stream/lib/_stream_writable.js:390:139)
2026-05-12 08:52:34 [[31merror[39m]: Error: write EPIPE
    at afterWriteDispatched (node:internal/stream_base_commons:159:15)
    at writeGeneric (node:internal/stream_base_commons:150:3)
    at Socket._writeGeneric (node:net:971:11)
    at Socket._write (node:net:983:8)
    at writeOrBuffer (node:internal/streams/writable:572:12)
    at _write (node:internal/streams/writable:501:10)
    at Writable.write (node:internal/streams/writable:510:10)
    at Console.log (/Users/namanjain/FreshMart/FreshmartBackend/node_modules/winston/lib/winston/transports/console.js:87:23)
    at Console._write (/Users/namanjain/FreshMart/FreshmartBackend/node_modules/winston-transport/modern.js:82:19)
    at doWrite (/Users/namanjain/FreshMart/FreshmartBackend/node_modules/readable-stream/lib/_stream_writable.js:390:139)
2026-05-12 08:52:34 [[31merror[39m]: Error: write EPIPE
    at afterWriteDispatched (node:internal/stream_base_commons:159:15)
    at writeGeneric (node:internal/stream_base_commons:150:3)
    at Socket._writeGeneric (node:net:971:11)
    at Socket._write (node:net:983:8)
    at writeOrBuffer (node:internal/streams/writable:572:12)
    at _write (node:internal/streams/writable:501:10)
    at Writable.write (node:internal/streams/writable:510:10)
    at Console.log (/Users/namanjain/FreshMart/FreshmartBackend/node_modules/winston/lib/winston/transports/console.js:87:23)
    at Console._write (/Users/namanjain/FreshMart/FreshmartBackend/node_modules/winston-transport/modern.js:82:19)
    at doWrite (/Users/namanjain/FreshMart/FreshmartBackend/node_modules/readable-stream/lib/_stream_writable.js:390:139)
2026-05-12 08:52:35 [[31merror[39m]: Error: write EPIPE
    at afterWriteDispatched (node:internal/stream_base_commons:159:15)
    at writeGeneric (node:internal/stream_base_commons:150:3)
    at Socket._writeGeneric (node:net:971:11)
    at Socket._write (node:net:983:8)
    at writeOrBuffer (node:internal/streams/writable:572:12)
    at _write (node:internal/streams/writable:501:10)
    at Writable.write (node:internal/streams/writable:510:10)
    at Console.log (/Users/namanjain/FreshMart/FreshmartBackend/node_modules/winston/lib/winston/transports/console.js:87:23)
    at Console._write (/Users/namanjain/FreshMart/FreshmartBackend/node_modules/winston-transport/modern.js:82:19)
    at doWrite (/Users/namanjain/FreshMart/FreshmartBackend/node_modules/readable-stream/lib/_stream_writable.js:390:139)
2026-05-12 08:52:35 [[31merror[39m]: Error: write EPIPE
    at afterWriteDispatched (node:internal/stream_base_commons:159:15)
    at writeGeneric (node:internal/stream_base_commons:150:3)
    at Socket._writeGeneric (node:net:971:11)
    at Socket._write (node:net:983:8)
    at writeOrBuffer (node:internal/streams/writable:572:12)
    at _write (node:internal/streams/writable:501:10)
    at Writable.write (node:internal/streams/writable:510:10)
    at Console.log (/Users/namanjain/FreshMart/FreshmartBackend/node_modules/winston/lib/winston/transports/console.js:87:23)
    at Console._write (/Users/namanjain/FreshMart/FreshmartBackend/node_modules/winston-transport/modern.js:82:19)
    at doWrite (/Users/namanjain/FreshMart/FreshmartBackend/node_modules/readable-stream/lib/_stream_writable.js:390:139)
2026-05-12 08:52:41 [[31merror[39m]: Error: write EPIPE
    at afterWriteDispatched (node:internal/stream_base_commons:159:15)
    at writeGeneric (node:internal/stream_base_commons:150:3)
    at Socket._writeGeneric (node:net:971:11)
    at Socket._write (node:net:983:8)
    at writeOrBuffer (node:internal/streams/writable:572:12)
    at _write (node:internal/streams/writable:501:10)
    at Writable.write (node:internal/streams/writable:510:10)
    at Console.log (/Users/namanjain/FreshMart/FreshmartBackend/node_modules/winston/lib/winston/transports/console.js:87:23)
    at Console._write (/Users/namanjain/FreshMart/FreshmartBackend/node_modules/winston-transport/modern.js:82:19)
    at doWrite (/Users/namanjain/FreshMart/FreshmartBackend/node_modules/readable-stream/lib/_stream_writable.js:390:139)
2026-05-12 08:52:42 [[31merror[39m]: Error: write EPIPE
    at afterWriteDispatched (node:internal/stream_base_commons:159:15)
    at writeGeneric (node:internal/stream_base_commons:150:3)
    at Socket._writeGeneric (node:net:971:11)
    at Socket._write (node:net:983:8)
    at writeOrBuffer (node:internal/streams/writable:572:12)
    at _write (node:internal/streams/writable:501:10)
    at Writable.write (node:internal/streams/writable:510:10)
    at Console.log (/Users/namanjain/FreshMart/FreshmartBackend/node_modules/winston/lib/winston/transports/console.js:87:23)
    at Console._write (/Users/namanjain/FreshMart/FreshmartBackend/node_modules/winston-transport/modern.js:82:19)
    at doWrite (/Users/namanjain/FreshMart/FreshmartBackend/node_modules/readable-stream/lib/_stream_writable.js:390:139)
2026-05-12 08:52:43 [[31merror[39m]: Error: write EPIPE
    at afterWriteDispatched (node:internal/stream_base_commons:159:15)
    at writeGeneric (node:internal/stream_base_commons:150:3)
    at Socket._writeGeneric (node:net:971:11)
    at Socket._write (node:net:983:8)
    at writeOrBuffer (node:internal/streams/writable:572:12)
    at _write (node:internal/streams/writable:501:10)
    at Writable.write (node:internal/streams/writable:510:10)
    at Console.log (/Users/namanjain/FreshMart/FreshmartBackend/node_modules/winston/lib/winston/transports/console.js:87:23)
    at Console._write (/Users/namanjain/FreshMart/FreshmartBackend/node_modules/winston-transport/modern.js:82:19)
    at doWrite (/Users/namanjain/FreshMart/FreshmartBackend/node_modules/readable-stream/lib/_stream_writable.js:390:139)
2026-05-12 08:52:43 [[31merror[39m]: Error: write EPIPE
    at afterWriteDispatched (node:internal/stream_base_commons:159:15)
    at writeGeneric (node:internal/stream_base_commons:150:3)
    at Socket._writeGeneric (node:net:971:11)
    at Socket._write (node:net:983:8)
    at writeOrBuffer (node:internal/streams/writable:572:12)
    at _write (node:internal/streams/writable:501:10)
    at Writable.write (node:internal/streams/writable:510:10)
    at Console.log (/Users/namanjain/FreshMart/FreshmartBackend/node_modules/winston/lib/winston/transports/console.js:87:23)
    at Console._write (/Users/namanjain/FreshMart/FreshmartBackend/node_modules/winston-transport/modern.js:82:19)
    at doWrite (/Users/namanjain/FreshMart/FreshmartBackend/node_modules/readable-stream/lib/_stream_writable.js:390:139)
2026-05-12 08:52:43 [[31merror[39m]: Error: write EPIPE
    at afterWriteDispatched (node:internal/stream_base_commons:159:15)
    at writeGeneric (node:internal/stream_base_commons:150:3)
    at Socket._writeGeneric (node:net:971:11)
    at Socket._write (node:net:983:8)
    at writeOrBuffer (node:internal/streams/writable:572:12)
    at _write (node:internal/streams/writable:501:10)
    at Writable.write (node:internal/streams/writable:510:10)
    at Console.log (/Users/namanjain/FreshMart/FreshmartBackend/node_modules/winston/lib/winston/transports/console.js:87:23)
    at Console._write (/Users/namanjain/FreshMart/FreshmartBackend/node_modules/winston-transport/modern.js:82:19)
    at doWrite (/Users/namanjain/FreshMart/FreshmartBackend/node_modules/readable-stream/lib/_stream_writable.js:390:139)
2026-05-12 09:10:07 [[31merror[39m]: Error: querySrv EREFUSED _mongodb._tcp.landacers.jy24n.mongodb.net
    at QueryReqWrap.onresolve [as oncomplete] (node:internal/dns/promises:293:17)
